Archive member included to satisfy reference by file (symbol)

C:\Users\Bi\Documents\MCUXpressoIDE_11.3.0_5222\Lab 3\lpc_board_nxp_lpcxpresso_1769\Debug\liblpc_board_nxp_lpcxpresso_1769.a(board.o)
                              ./freertos/src/FreeRTOSCommonHooks.o (Board_UARTPutSTR)
C:\Users\Bi\Documents\MCUXpressoIDE_11.3.0_5222\Lab 3\lpc_board_nxp_lpcxpresso_1769\Debug\liblpc_board_nxp_lpcxpresso_1769.a(board_sysinit.o)
                              ./example/src/sysinit.o (Board_SystemInit)
C:\Users\Bi\Documents\MCUXpressoIDE_11.3.0_5222\Lab 3\lpc_chip_175x_6x\Debug\liblpc_chip_175x_6x.a(chip_17xx_40xx.o)
                              ./freertos/src/port.o (SystemCoreClock)
C:\Users\Bi\Documents\MCUXpressoIDE_11.3.0_5222\Lab 3\lpc_chip_175x_6x\Debug\liblpc_chip_175x_6x.a(clock_17xx_40xx.o)
                              C:\Users\Bi\Documents\MCUXpressoIDE_11.3.0_5222\Lab 3\lpc_chip_175x_6x\Debug\liblpc_chip_175x_6x.a(chip_17xx_40xx.o) (Chip_Clock_EnablePLL)
C:\Users\Bi\Documents\MCUXpressoIDE_11.3.0_5222\Lab 3\lpc_chip_175x_6x\Debug\liblpc_chip_175x_6x.a(i2s_17xx_40xx.o)
                              C:\Users\Bi\Documents\MCUXpressoIDE_11.3.0_5222\Lab 3\lpc_board_nxp_lpcxpresso_1769\Debug\liblpc_board_nxp_lpcxpresso_1769.a(board.o) (Chip_I2S_Init)
C:\Users\Bi\Documents\MCUXpressoIDE_11.3.0_5222\Lab 3\lpc_chip_175x_6x\Debug\liblpc_chip_175x_6x.a(iocon_17xx_40xx.o)
                              C:\Users\Bi\Documents\MCUXpressoIDE_11.3.0_5222\Lab 3\lpc_board_nxp_lpcxpresso_1769\Debug\liblpc_board_nxp_lpcxpresso_1769.a(board.o) (Chip_IOCON_PinMux)
C:\Users\Bi\Documents\MCUXpressoIDE_11.3.0_5222\Lab 3\lpc_chip_175x_6x\Debug\liblpc_chip_175x_6x.a(sysinit_17xx_40xx.o)
                              C:\Users\Bi\Documents\MCUXpressoIDE_11.3.0_5222\Lab 3\lpc_board_nxp_lpcxpresso_1769\Debug\liblpc_board_nxp_lpcxpresso_1769.a(board_sysinit.o) (Chip_SetupXtalClocking)
C:\Users\Bi\Documents\MCUXpressoIDE_11.3.0_5222\Lab 3\lpc_chip_175x_6x\Debug\liblpc_chip_175x_6x.a(uart_17xx_40xx.o)
                              C:\Users\Bi\Documents\MCUXpressoIDE_11.3.0_5222\Lab 3\lpc_board_nxp_lpcxpresso_1769\Debug\liblpc_board_nxp_lpcxpresso_1769.a(board.o) (Chip_UART_Init)
C:\Users\Bi\Documents\MCUXpressoIDE_11.3.0_5222\Lab 3\lpc_chip_175x_6x\Debug\liblpc_chip_175x_6x.a(ring_buffer.o)
                              C:\Users\Bi\Documents\MCUXpressoIDE_11.3.0_5222\Lab 3\lpc_chip_175x_6x\Debug\liblpc_chip_175x_6x.a(uart_17xx_40xx.o) (RingBuffer_Insert)
c:/nxp/mcuxpressoide_11.3.0_5222/ide/plugins/com.nxp.mcuxpresso.tools.win32_11.3.0.202008311133/tools/bin/../lib/gcc/arm-none-eabi/9.3.1/../../../../arm-none-eabi/lib/thumb/v7-m/nofp\libcr_nohost.a(_cr__main.o)
                              ./example/src/cr_startup_lpc175x_6x.o (__main)
c:/nxp/mcuxpressoide_11.3.0_5222/ide/plugins/com.nxp.mcuxpresso.tools.win32_11.3.0.202008311133/tools/bin/../lib/gcc/arm-none-eabi/9.3.1/../../../../arm-none-eabi/lib/thumb/v7-m/nofp\libcr_c.a(memcpy.o)
                              ./freertos/src/queue.o (memcpy)
c:/nxp/mcuxpressoide_11.3.0_5222/ide/plugins/com.nxp.mcuxpresso.tools.win32_11.3.0.202008311133/tools/bin/../lib/gcc/arm-none-eabi/9.3.1/../../../../arm-none-eabi/lib/thumb/v7-m/nofp\libcr_c.a(memset.o)
                              ./freertos/src/tasks.o (memset)
c:/nxp/mcuxpressoide_11.3.0_5222/ide/plugins/com.nxp.mcuxpresso.tools.win32_11.3.0.202008311133/tools/bin/../lib/gcc/arm-none-eabi/9.3.1/../../../../arm-none-eabi/lib/thumb/v7-m/nofp\libcr_c.a(alloc.o)
                              ./freertos/src/heap_3.o (malloc)
c:/nxp/mcuxpressoide_11.3.0_5222/ide/plugins/com.nxp.mcuxpresso.tools.win32_11.3.0.202008311133/tools/bin/../lib/gcc/arm-none-eabi/9.3.1/../../../../arm-none-eabi/lib/thumb/v7-m/nofp\libcr_c.a(fpprintf.o)
                              ./freertos/src/FreeRTOSCommonHooks.o (printf)
c:/nxp/mcuxpressoide_11.3.0_5222/ide/plugins/com.nxp.mcuxpresso.tools.win32_11.3.0.202008311133/tools/bin/../lib/gcc/arm-none-eabi/9.3.1/../../../../arm-none-eabi/lib/thumb/v7-m/nofp\libcr_c.a(initio.o)
                              c:/nxp/mcuxpressoide_11.3.0_5222/ide/plugins/com.nxp.mcuxpresso.tools.win32_11.3.0.202008311133/tools/bin/../lib/gcc/arm-none-eabi/9.3.1/../../../../arm-none-eabi/lib/thumb/v7-m/nofp\libcr_nohost.a(_cr__main.o) (_initio)
c:/nxp/mcuxpressoide_11.3.0_5222/ide/plugins/com.nxp.mcuxpresso.tools.win32_11.3.0.202008311133/tools/bin/../lib/gcc/arm-none-eabi/9.3.1/../../../../arm-none-eabi/lib/thumb/v7-m/nofp\libcr_c.a(printf.o)
                              c:/nxp/mcuxpressoide_11.3.0_5222/ide/plugins/com.nxp.mcuxpresso.tools.win32_11.3.0.202008311133/tools/bin/../lib/gcc/arm-none-eabi/9.3.1/../../../../arm-none-eabi/lib/thumb/v7-m/nofp\libcr_c.a(fpprintf.o) (__vfprintf)
c:/nxp/mcuxpressoide_11.3.0_5222/ide/plugins/com.nxp.mcuxpresso.tools.win32_11.3.0.202008311133/tools/bin/../lib/gcc/arm-none-eabi/9.3.1/../../../../arm-none-eabi/lib/thumb/v7-m/nofp\libcr_c.a(setvbuf.o)
[...]
Memory Configuration

Name             Origin             Length             Attributes
MFlash512        0x00000000         0x00080000         xr
RamLoc32         0x10000000         0x00008000         xrw
RamAHB32         0x2007c000         0x00008000         xrw
*default*        0x00000000         0xffffffff

Linker script and memory map

LOAD ./freertos/src/FreeRTOSCommonHooks.o
LOAD ./freertos/src/heap_3.o
LOAD ./freertos/src/list.o
LOAD ./freertos/src/port.o
LOAD ./freertos/src/queue.o
LOAD ./freertos/src/tasks.o
LOAD ./example/src/cr_startup_lpc175x_6x.o
LOAD ./example/src/freertos_blinky.o
LOAD ./example/src/sysinit.o
LOAD C:\Users\Bi\Documents\MCUXpressoIDE_11.3.0_5222\Lab 3\lpc_board_nxp_lpcxpresso_1769\Debug\liblpc_board_nxp_lpcxpresso_1769.a
LOAD C:\Users\Bi\Documents\MCUXpressoIDE_11.3.0_5222\Lab 3\lpc_chip_175x_6x\Debug\liblpc_chip_175x_6x.a
START GROUP
LOAD c:/nxp/mcuxpressoide_11.3.0_5222/ide/plugins/com.nxp.mcuxpresso.tools.win32_11.3.0.202008311133/tools/bin/../lib/gcc/arm-none-eabi/9.3.1/../../../../arm-none-eabi/lib/thumb/v7-m/nofp\libcr_nohost.a
LOAD c:/nxp/mcuxpressoide_11.3.0_5222/ide/plugins/com.nxp.mcuxpresso.tools.win32_11.3.0.202008311133/tools/bin/../lib/gcc/arm-none-eabi/9.3.1/../../../../arm-none-eabi/lib/thumb/v7-m/nofp\libcr_c.a
LOAD c:/nxp/mcuxpressoide_11.3.0_5222/ide/plugins/com.nxp.mcuxpresso.tools.win32_11.3.0.202008311133/tools/bin/../lib/gcc/arm-none-eabi/9.3.1/thumb/v7-m/nofp\libcr_eabihelpers.a
LOAD c:/nxp/mcuxpressoide_11.3.0_5222/ide/plugins/com.nxp.mcuxpresso.tools.win32_11.3.0.202008311133/tools/bin/../lib/gcc/arm-none-eabi/9.3.1/thumb/v7-m/nofp\libgcc.a
END GROUP
                0x00000000                __base_MFlash512 = 0x0
                0x00000000                __base_Flash = 0x0
                0x00080000                __top_MFlash512 = 0x80000
                0x00080000                __top_Flash = 0x80000
                0x10000000                __base_RamLoc32 = 0x10000000
                0x10000000                __base_RAM = 0x10000000
                0x10008000                __top_RamLoc32 = 0x10008000
                0x10008000                __top_RAM = 0x10008000
                0x2007c000                __base_RamAHB32 = 0x2007c000
                0x2007c000                __base_RAM2 = 0x2007c000
                0x20084000                __top_RamAHB32 = 0x20084000
                0x20084000                __top_RAM2 = 0x20084000

.text           0x00000000     0x254c
 FILL mask 0xff
                0x00000000                __vectors_start__ = ABSOLUTE (.)
 *(.isr_vector)
 .isr_vector    0x00000000       0xcc ./example/src/cr_startup_lpc175x_6x.o
                0x00000000                g_pfnVectors
                0x000000cc                . = ALIGN (0x4)
                0x000000cc                __section_table_start = .
                0x000000cc                __data_section_table = .
                0x000000cc        0x4 LONG 0x254c LOADADDR (.data)
                0x000000d0        0x4 LONG 0x10000000 ADDR (.data)
                0x000000d4        0x4 LONG 0x10 SIZEOF (.data)
                0x000000d8        0x4 LONG 0x254c LOADADDR (.data_RAM2)
                0x000000dc        0x4 LONG 0x2007c000 ADDR (.data_RAM2)
                0x000000e0        0x4 LONG 0x0 SIZEOF (.data_RAM2)
                0x000000e4                __data_section_table_end = .
                0x000000e4                __bss_section_table = .
                0x000000e4        0x4 LONG 0x10000010 ADDR (.bss)
                0x000000e8        0x4 LONG 0x338 SIZEOF (.bss)
                0x000000ec        0x4 LONG 0x2007c000 ADDR (.bss_RAM2)
                0x000000f0        0x4 LONG 0x0 SIZEOF (.bss_RAM2)
                0x000000f4                __bss_section_table_end = .
                0x000000f4                __section_table_end = .
 *(.after_vectors*)
 .after_vectors
                0x000000f4      0x130 ./example/src/cr_startup_lpc175x_6x.o
                0x000000f4                data_init
                0x00000138                bss_init
                0x00000170                ResetISR
                0x000001e8                NMI_Handler
                0x000001ee                HardFault_Handler
                0x000001f4                MemManage_Handler
                0x000001fa                BusFault_Handler
                0x00000200                UsageFault_Handler
                0x0000020c                DebugMon_Handler
                0x0000021e                UART1_IRQHandler
                0x0000021e                EINT3_IRQHandler
                0x0000021e                I2C1_IRQHandler
                0x0000021e                TIMER3_IRQHandler
                0x0000021e                UART0_IRQHandler
                0x0000021e                USBActivity_IRQHandler
                0x0000021e                CANActivity_IRQHandler
                0x0000021e                EINT2_IRQHandler
                0x0000021e                IntDefaultHandler
                0x0000021e                PLL0_IRQHandler
                0x0000021e                CAN_IRQHandler
                0x0000021e                I2C0_IRQHandler
                0x0000021e                SSP0_IRQHandler
                0x0000021e                I2S_IRQHandler
                0x0000021e                I2C2_IRQHandler
                0x0000021e                RTC_IRQHandler
                0x0000021e                TIMER0_IRQHandler
                0x0000021e                SPI_IRQHandler
                0x0000021e                RIT_IRQHandler
                0x0000021e                EINT1_IRQHandler
                0x0000021e                TIMER1_IRQHandler
                0x0000021e                UART2_IRQHandler
                0x0000021e                ADC_IRQHandler
                0x0000021e                SSP1_IRQHandler
                0x0000021e                USB_IRQHandler
                0x0000021e                BOD_IRQHandler
                0x0000021e                PWM1_IRQHandler
                0x0000021e                WDT_IRQHandler
                0x0000021e                QEI_IRQHandler
                0x0000021e                EINT0_IRQHandler
                0x0000021e                ETH_IRQHandler
                0x0000021e                PLL1_IRQHandler
                0x0000021e                DMA_IRQHandler
                0x0000021e                TIMER2_IRQHandler
                0x0000021e                UART3_IRQHandler
                0x0000021e                MCPWM_IRQHandler
 *(.text*)
 .text.vApplicationIdleHook
                0x00000224       0x10 ./freertos/src/FreeRTOSCommonHooks.o
                0x00000224                vApplicationIdleHook
 .text.pvPortMalloc
                0x00000234       0x22 ./freertos/src/heap_3.o
                0x00000234                pvPortMalloc
 .text.vPortFree
                0x00000256       0x24 ./freertos/src/heap_3.o
                0x00000256                vPortFree
 .text.vListInitialise
                0x0000027a       0x3e ./freertos/src/list.o
                0x0000027a                vListInitialise
 .text.vListInitialiseItem
                0x000002b8       0x18 ./freertos/src/list.o
                0x000002b8                vListInitialiseItem
 .text.vListInsertEnd
                0x000002d0       0x46 ./freertos/src/list.o
                0x000002d0                vListInsertEnd
 .text.vListInsert
                0x00000316       0x70 ./freertos/src/list.o
                0x00000316                vListInsert
 .text.uxListRemove
                0x00000386       0x52 ./freertos/src/list.o
                0x00000386                uxListRemove
 .text.pxPortInitialiseStack
                0x000003d8       0x54 ./freertos/src/port.o
                0x000003d8                pxPortInitialiseStack
 .text.prvTaskExitError
                0x0000042c        0xa ./freertos/src/port.o
 *fill*         0x00000436        0x2 ff
 .text.SVC_Handler
                0x00000438       0x24 ./freertos/src/port.o
                0x00000438                SVC_Handler
 .text.prvPortStartFirstTask
                0x0000045c       0x18 ./freertos/src/port.o
 .text.xPortStartScheduler
                0x00000474       0x38 ./freertos/src/port.o
                0x00000474                xPortStartScheduler
 .text.vPortYield
                0x000004ac       0x20 ./freertos/src/port.o
                0x000004ac                vPortYield
 .text.vPortEnterCritical
                0x000004cc       0x24 ./freertos/src/port.o
                0x000004cc                vPortEnterCritical
 .text.vPortExitCritical
                0x000004f0       0x24 ./freertos/src/port.o
                0x000004f0                vPortExitCritical
 .text.ulPortSetInterruptMask
                0x00000514       0x12 ./freertos/src/port.o
                0x00000514                ulPortSetInterruptMask
 .text.vPortClearInterruptMask
                0x00000526        0x8 ./freertos/src/port.o
                0x00000526                vPortClearInterruptMask
 *fill*         0x0000052e        0x2 ff
 .text.PendSV_Handler
                0x00000530       0x40 ./freertos/src/port.o
                0x00000530                PendSV_Handler
 .text.SysTick_Handler
                0x00000570       0x28 ./freertos/src/port.o
                0x00000570                SysTick_Handler
 .text.vPortSuppressTicksAndSleep
                0x00000598      0x15c ./freertos/src/port.o
                0x00000598                vPortSuppressTicksAndSleep
 .text.vPortSetupTimerInterrupt
                0x000006f4       0x68 ./freertos/src/port.o
                0x000006f4                vPortSetupTimerInterrupt
 .text.xTaskGenericCreate
                0x0000075c      0x140 ./freertos/src/tasks.o
                0x0000075c                xTaskGenericCreate
 .text.vTaskDelay
                0x0000089c       0x54 ./freertos/src/tasks.o
                0x0000089c                vTaskDelay
 .text.vTaskStartScheduler
                0x000008f0       0x58 ./freertos/src/tasks.o
                0x000008f0                vTaskStartScheduler
 .text.vTaskSuspendAll
                0x00000948       0x1c ./freertos/src/tasks.o
                0x00000948                vTaskSuspendAll
 .text.prvGetExpectedIdleTime
                0x00000964       0x4c ./freertos/src/tasks.o
 .text.xTaskResumeAll
                0x000009b0       0xfc ./freertos/src/tasks.o
                0x000009b0                xTaskResumeAll
 .text.vTaskStepTick
                0x00000aac       0x24 ./freertos/src/tasks.o
                0x00000aac                vTaskStepTick
 .text.xTaskIncrementTick
                0x00000ad0      0x18c ./freertos/src/tasks.o
                0x00000ad0                xTaskIncrementTick
 .text.vTaskSwitchContext
                0x00000c5c       0x98 ./freertos/src/tasks.o
                0x00000c5c                vTaskSwitchContext
 .text.prvIdleTask
                0x00000cf4       0x48 ./freertos/src/tasks.o
 .text.eTaskConfirmSleepModeStatus
                0x00000d3c       0x5c ./freertos/src/tasks.o
                0x00000d3c                eTaskConfirmSleepModeStatus
 .text.prvInitialiseTCBVariables
                0x00000d98       0x98 ./freertos/src/tasks.o
 .text.prvInitialiseTaskLists
                0x00000e30       0x80 ./freertos/src/tasks.o
 .text.prvCheckTasksWaitingTermination
                0x00000eb0       0x78 ./freertos/src/tasks.o
 .text.prvAddCurrentTaskToDelayedList
                0x00000f28       0x6c ./freertos/src/tasks.o
 .text.prvAllocateTCBAndStack
                0x00000f94       0x62 ./freertos/src/tasks.o
 .text.prvDeleteTCB
                0x00000ff6       0x20 ./freertos/src/tasks.o
 *fill*         0x00001016        0x2 ff
 .text.prvSetupHardware
                0x00001018       0x48 ./example/src/freertos_blinky.o
 .text.vLEDTask1
                0x00001060       0x3c ./example/src/freertos_blinky.o
 .text.vLEDTask2
                0x0000109c       0x44 ./example/src/freertos_blinky.o
 .text.vLEDTask3
                0x000010e0       0x44 ./example/src/freertos_blinky.o
 .text.main     0x00001124       0x84 ./example/src/freertos_blinky.o
                0x00001124                main
 .text.SystemInit
                0x000011a8       0x24 ./example/src/sysinit.o
                0x000011a8                SystemInit
 .text.Chip_IOCON_Init
                0x000011cc       0x16 C:\Users\Bi\Documents\MCUXpressoIDE_11.3.0_5222\Lab 3\lpc_board_nxp_lpcxpresso_1769\Debug\liblpc_board_nxp_lpcxpresso_1769.a(board.o)
 .text.Chip_GPIO_Init
                0x000011e2       0x16 C:\Users\Bi\Documents\MCUXpressoIDE_11.3.0_5222\Lab 3\lpc_board_nxp_lpcxpresso_1769\Debug\liblpc_board_nxp_lpcxpresso_1769.a(board.o)
 .text.Chip_GPIO_SetPinState
                0x000011f8       0x64 C:\Users\Bi\Documents\MCUXpressoIDE_11.3.0_5222\Lab 3\lpc_board_nxp_lpcxpresso_1769\Debug\liblpc_board_nxp_lpcxpresso_1769.a(board.o)
 .text.Chip_GPIO_WritePortBit
                0x0000125c       0x2c C:\Users\Bi\Documents\MCUXpressoIDE_11.3.0_5222\Lab 3\lpc_board_nxp_lpcxpresso_1769\Debug\liblpc_board_nxp_lpcxpresso_1769.a(board.o)
 .text.Chip_GPIO_SetPinDIROutput
                0x00001288       0x36 C:\Users\Bi\Documents\MCUXpressoIDE_11.3.0_5222\Lab 3\lpc_board_nxp_lpcxpresso_1769\Debug\liblpc_board_nxp_lpcxpresso_1769.a(board.o)
 .text.Chip_GPIO_SetPinDIRInput
                0x000012be       0x3a C:\Users\Bi\Documents\MCUXpressoIDE_11.3.0_5222\Lab 3\lpc_board_nxp_lpcxpresso_1769\Debug\liblpc_board_nxp_lpcxpresso_1769.a(board.o)
 .text.Chip_GPIO_SetPinDIR
                0x000012f8       0x42 C:\Users\Bi\Documents\MCUXpressoIDE_11.3.0_5222\Lab 3\lpc_board_nxp_lpcxpresso_1769\Debug\liblpc_board_nxp_lpcxpresso_1769.a(board.o)
 .text.Chip_GPIO_WriteDirBit
                0x0000133a       0x2e C:\Users\Bi\Documents\MCUXpressoIDE_11.3.0_5222\Lab 3\lpc_board_nxp_lpcxpresso_1769\Debug\liblpc_board_nxp_lpcxpresso_1769.a(board.o)
 .text.Chip_UART_SendByte
                0x00001368       0x1c C:\Users\Bi\Documents\MCUXpressoIDE_11.3.0_5222\Lab 3\lpc_board_nxp_lpcxpresso_1769\Debug\liblpc_board_nxp_lpcxpresso_1769.a(board.o)
 .text.Chip_UART_ConfigData
                0x00001384       0x1a C:\Users\Bi\Documents\MCUXpressoIDE_11.3.0_5222\Lab 3\lpc_board_nxp_lpcxpresso_1769\Debug\liblpc_board_nxp_lpcxpresso_1769.a(board.o)
 .text.Chip_UART_ReadLineStatus
                0x0000139e       0x16 C:\Users\Bi\Documents\MCUXpressoIDE_11.3.0_5222\Lab 3\lpc_board_nxp_lpcxpresso_1769\Debug\liblpc_board_nxp_lpcxpresso_1769.a(board.o)
 .text.__sys_write
                0x000013b4       0x38 C:\Users\Bi\Documents\MCUXpressoIDE_11.3.0_5222\Lab 3\lpc_board_nxp_lpcxpresso_1769\Debug\liblpc_board_nxp_lpcxpresso_1769.a(board.o)
                0x000013b4                __sys_write
 .text.Board_LED_Init
                0x000013ec       0x30 C:\Users\Bi\Documents\MCUXpressoIDE_11.3.0_5222\Lab 3\lpc_board_nxp_lpcxpresso_1769\Debug\liblpc_board_nxp_lpcxpresso_1769.a(board.o)
 .text.Board_UART_Init
                0x0000141c       0x12 C:\Users\Bi\Documents\MCUXpressoIDE_11.3.0_5222\Lab 3\lpc_board_nxp_lpcxpresso_1769\Debug\liblpc_board_nxp_lpcxpresso_1769.a(board.o)
                0x0000141c                Board_UART_Init
 *fill*         0x0000142e        0x2 ff
 .text.Board_Debug_Init
                0x00001430       0x30 C:\Users\Bi\Documents\MCUXpressoIDE_11.3.0_5222\Lab 3\lpc_board_nxp_lpcxpresso_1769\Debug\liblpc_board_nxp_lpcxpresso_1769.a(board.o)
                0x00001430                Board_Debug_Init
 .text.Board_UARTPutChar
                0x00001460       0x34 C:\Users\Bi\Documents\MCUXpressoIDE_11.3.0_5222\Lab 3\lpc_board_nxp_lpcxpresso_1769\Debug\liblpc_board_nxp_lpcxpresso_1769.a(board.o)
                0x00001460                Board_UARTPutChar
 .text.Board_LED_Set
                0x00001494       0x6c C:\Users\Bi\Documents\MCUXpressoIDE_11.3.0_5222\Lab 3\lpc_board_nxp_lpcxpresso_1769\Debug\liblpc_board_nxp_lpcxpresso_1769.a(board.o)
                0x00001494                Board_LED_Set
 .text.Board_Init
                0x00001500       0x24 C:\Users\Bi\Documents\MCUXpressoIDE_11.3.0_5222\Lab 3\lpc_board_nxp_lpcxpresso_1769\Debug\liblpc_board_nxp_lpcxpresso_1769.a(board.o)
                0x00001500                Board_Init
 .text.Chip_SYSCTL_SetFLASHAccess
                0x00001524       0x30 C:\Users\Bi\Documents\MCUXpressoIDE_11.3.0_5222\Lab 3\lpc_board_nxp_lpcxpresso_1769\Debug\liblpc_board_nxp_lpcxpresso_1769.a(board_sysinit.o)
 .text.Board_SetupMuxing
                0x00001554       0x1c C:\Users\Bi\Documents\MCUXpressoIDE_11.3.0_5222\Lab 3\lpc_board_nxp_lpcxpresso_1769\Debug\liblpc_board_nxp_lpcxpresso_1769.a(board_sysinit.o)
                0x00001554                Board_SetupMuxing
 .text.Board_SetupClocking
                0x00001570       0x12 C:\Users\Bi\Documents\MCUXpressoIDE_11.3.0_5222\Lab 3\lpc_board_nxp_lpcxpresso_1769\Debug\liblpc_board_nxp_lpcxpresso_1769.a(board_sysinit.o)
                0x00001570                Board_SetupClocking
 .text.Board_SystemInit
                0x00001582       0x10 C:\Users\Bi\Documents\MCUXpressoIDE_11.3.0_5222\Lab 3\lpc_board_nxp_lpcxpresso_1769\Debug\liblpc_board_nxp_lpcxpresso_1769.a(board_sysinit.o)
                0x00001582                Board_SystemInit
 *fill*         0x00001592        0x2 ff
 .text.SystemCoreClockUpdate
                0x00001594       0x18 C:\Users\Bi\Documents\MCUXpressoIDE_11.3.0_5222\Lab 3\lpc_chip_175x_6x\Debug\liblpc_chip_175x_6x.a(chip_17xx_40xx.o)
                0x00001594                SystemCoreClockUpdate
 .text.Chip_Clock_IsMainPLLEnabled
                0x000015ac       0x24 C:\Users\Bi\Documents\MCUXpressoIDE_11.3.0_5222\Lab 3\lpc_chip_175x_6x\Debug\liblpc_chip_175x_6x.a(clock_17xx_40xx.o)
 .text.Chip_Clock_IsMainPLLConnected
                0x000015d0       0x24 C:\Users\Bi\Documents\MCUXpressoIDE_11.3.0_5222\Lab 3\lpc_chip_175x_6x\Debug\liblpc_chip_175x_6x.a(clock_17xx_40xx.o)
 .text.Chip_Clock_FeedPLL
                0x000015f4       0x34 C:\Users\Bi\Documents\MCUXpressoIDE_11.3.0_5222\Lab 3\lpc_chip_175x_6x\Debug\liblpc_chip_175x_6x.a(clock_17xx_40xx.o)
 .text.Chip_Clock_GetMainPLLSource
                0x00001628       0x20 C:\Users\Bi\Documents\MCUXpressoIDE_11.3.0_5222\Lab 3\lpc_chip_175x_6x\Debug\liblpc_chip_175x_6x.a(clock_17xx_40xx.o)
 .text.Chip_Clock_GetMainOscRate
                0x00001648       0x14 C:\Users\Bi\Documents\MCUXpressoIDE_11.3.0_5222\Lab 3\lpc_chip_175x_6x\Debug\liblpc_chip_175x_6x.a(clock_17xx_40xx.o)
 .text.Chip_Clock_GetIntOscRate
                0x0000165c       0x14 C:\Users\Bi\Documents\MCUXpressoIDE_11.3.0_5222\Lab 3\lpc_chip_175x_6x\Debug\liblpc_chip_175x_6x.a(clock_17xx_40xx.o)
 .text.Chip_Clock_GetRTCOscRate
                0x00001670       0x14 C:\Users\Bi\Documents\MCUXpressoIDE_11.3.0_5222\Lab 3\lpc_chip_175x_6x\Debug\liblpc_chip_175x_6x.a(clock_17xx_40xx.o)
 .text.Chip_Clock_GetMainPLLInClockRate
                0x00001684        0xe C:\Users\Bi\Documents\MCUXpressoIDE_11.3.0_5222\Lab 3\lpc_chip_175x_6x\Debug\liblpc_chip_175x_6x.a(clock_17xx_40xx.o)
 *fill*         0x00001692        0x2 ff
 .text.Chip_Clock_EnablePLL
                0x00001694       0x44 C:\Users\Bi\Documents\MCUXpressoIDE_11.3.0_5222\Lab 3\lpc_chip_175x_6x\Debug\liblpc_chip_175x_6x.a(clock_17xx_40xx.o)
                0x00001694                Chip_Clock_EnablePLL
 .text.Chip_Clock_DisablePLL
                0x000016d8       0x48 C:\Users\Bi\Documents\MCUXpressoIDE_11.3.0_5222\Lab 3\lpc_chip_175x_6x\Debug\liblpc_chip_175x_6x.a(clock_17xx_40xx.o)
                0x000016d8                Chip_Clock_DisablePLL
 .text.Chip_Clock_SetupPLL
                0x00001720       0x5c C:\Users\Bi\Documents\MCUXpressoIDE_11.3.0_5222\Lab 3\lpc_chip_175x_6x\Debug\liblpc_chip_175x_6x.a(clock_17xx_40xx.o)
                0x00001720                Chip_Clock_SetupPLL
 .text.Chip_Clock_EnablePeriphClock
                0x0000177c       0x34 C:\Users\Bi\Documents\MCUXpressoIDE_11.3.0_5222\Lab 3\lpc_chip_175x_6x\Debug\liblpc_chip_175x_6x.a(clock_17xx_40xx.o)
                0x0000177c                Chip_Clock_EnablePeriphClock
 .text.Chip_Clock_GetCPUClockSource
                0x000017b0       0x24 C:\Users\Bi\Documents\MCUXpressoIDE_11.3.0_5222\Lab 3\lpc_chip_175x_6x\Debug\liblpc_chip_175x_6x.a(clock_17xx_40xx.o)
                0x000017b0                Chip_Clock_GetCPUClockSource
 .text.Chip_Clock_SetCPUClockDiv
                0x000017d4       0x20 C:\Users\Bi\Documents\MCUXpressoIDE_11.3.0_5222\Lab 3\lpc_chip_175x_6x\Debug\liblpc_chip_175x_6x.a(clock_17xx_40xx.o)
                0x000017d4                Chip_Clock_SetCPUClockDiv
 .text.Chip_Clock_GetCPUClockDiv
                0x000017f4       0x1c C:\Users\Bi\Documents\MCUXpressoIDE_11.3.0_5222\Lab 3\lpc_chip_175x_6x\Debug\liblpc_chip_175x_6x.a(clock_17xx_40xx.o)
                0x000017f4                Chip_Clock_GetCPUClockDiv
 .text.Chip_Clock_GetPCLKDiv
                0x00001810       0x8c C:\Users\Bi\Documents\MCUXpressoIDE_11.3.0_5222\Lab 3\lpc_chip_175x_6x\Debug\liblpc_chip_175x_6x.a(clock_17xx_40xx.o)
                0x00001810                Chip_Clock_GetPCLKDiv
 .text.Chip_Clock_GetSYSCLKRate
                0x0000189c       0x3a C:\Users\Bi\Documents\MCUXpressoIDE_11.3.0_5222\Lab 3\lpc_chip_175x_6x\Debug\liblpc_chip_175x_6x.a(clock_17xx_40xx.o)
                0x0000189c                Chip_Clock_GetSYSCLKRate
 *fill*         0x000018d6        0x2 ff
 .text.Chip_Clock_GetMainPLLOutClockRate
                0x000018d8       0x54 C:\Users\Bi\Documents\MCUXpressoIDE_11.3.0_5222\Lab 3\lpc_chip_175x_6x\Debug\liblpc_chip_175x_6x.a(clock_17xx_40xx.o)
                0x000018d8                Chip_Clock_GetMainPLLOutClockRate
 .text.Chip_Clock_GetMainClockRate
                0x0000192c       0x28 C:\Users\Bi\Documents\MCUXpressoIDE_11.3.0_5222\Lab 3\lpc_chip_175x_6x\Debug\liblpc_chip_175x_6x.a(clock_17xx_40xx.o)
                0x0000192c                Chip_Clock_GetMainClockRate
 .text.Chip_Clock_GetSystemClockRate
                0x00001954       0x18 C:\Users\Bi\Documents\MCUXpressoIDE_11.3.0_5222\Lab 3\lpc_chip_175x_6x\Debug\liblpc_chip_175x_6x.a(clock_17xx_40xx.o)
                0x00001954                Chip_Clock_GetSystemClockRate
 .text.Chip_Clock_GetPeripheralClockRate
                0x0000196c       0x26 C:\Users\Bi\Documents\MCUXpressoIDE_11.3.0_5222\Lab 3\lpc_chip_175x_6x\Debug\liblpc_chip_175x_6x.a(clock_17xx_40xx.o)
                0x0000196c                Chip_Clock_GetPeripheralClockRate
 .text.Chip_IOCON_PinMuxSet
                0x00001992       0x36 C:\Users\Bi\Documents\MCUXpressoIDE_11.3.0_5222\Lab 3\lpc_chip_175x_6x\Debug\liblpc_chip_175x_6x.a(iocon_17xx_40xx.o)
                0x00001992                Chip_IOCON_PinMuxSet
 .text.Chip_IOCON_PinMux
                0x000019c8       0x94 C:\Users\Bi\Documents\MCUXpressoIDE_11.3.0_5222\Lab 3\lpc_chip_175x_6x\Debug\liblpc_chip_175x_6x.a(iocon_17xx_40xx.o)
                0x000019c8                Chip_IOCON_PinMux
 .text.Chip_IOCON_SetPinMuxing
                0x00001a5c       0x64 C:\Users\Bi\Documents\MCUXpressoIDE_11.3.0_5222\Lab 3\lpc_chip_175x_6x\Debug\liblpc_chip_175x_6x.a(iocon_17xx_40xx.o)
                0x00001a5c                Chip_IOCON_SetPinMuxing
 .text.Chip_Clock_IsMainPLLEnabled
                0x00001ac0       0x24 C:\Users\Bi\Documents\MCUXpressoIDE_11.3.0_5222\Lab 3\lpc_chip_175x_6x\Debug\liblpc_chip_175x_6x.a(sysinit_17xx_40xx.o)
 .text.Chip_Clock_IsMainPLLLocked
                0x00001ae4       0x24 C:\Users\Bi\Documents\MCUXpressoIDE_11.3.0_5222\Lab 3\lpc_chip_175x_6x\Debug\liblpc_chip_175x_6x.a(sysinit_17xx_40xx.o)
 .text.Chip_Clock_IsMainPLLConnected
                0x00001b08       0x24 C:\Users\Bi\Documents\MCUXpressoIDE_11.3.0_5222\Lab 3\lpc_chip_175x_6x\Debug\liblpc_chip_175x_6x.a(sysinit_17xx_40xx.o)
 .text.Chip_Clock_EnableCrystal
                0x00001b2c       0x20 C:\Users\Bi\Documents\MCUXpressoIDE_11.3.0_5222\Lab 3\lpc_chip_175x_6x\Debug\liblpc_chip_175x_6x.a(sysinit_17xx_40xx.o)
 .text.Chip_Clock_IsCrystalEnabled
                0x00001b4c       0x24 C:\Users\Bi\Documents\MCUXpressoIDE_11.3.0_5222\Lab 3\lpc_chip_175x_6x\Debug\liblpc_chip_175x_6x.a(sysinit_17xx_40xx.o)
 .text.Chip_Clock_SetMainPLLSource
                0x00001b70       0x20 C:\Users\Bi\Documents\MCUXpressoIDE_11.3.0_5222\Lab 3\lpc_chip_175x_6x\Debug\liblpc_chip_175x_6x.a(sysinit_17xx_40xx.o)
 .text.Chip_SetupXtalClocking
                0x00001b90       0x90 C:\Users\Bi\Documents\MCUXpressoIDE_11.3.0_5222\Lab 3\lpc_chip_175x_6x\Debug\liblpc_chip_175x_6x.a(sysinit_17xx_40xx.o)
                0x00001b90                Chip_SetupXtalClocking
 .text.Chip_UART_SetupFIFOS
                0x00001c20       0x1a C:\Users\Bi\Documents\MCUXpressoIDE_11.3.0_5222\Lab 3\lpc_chip_175x_6x\Debug\liblpc_chip_175x_6x.a(uart_17xx_40xx.o)
 .text.Chip_UART_ConfigData
                0x00001c3a       0x1a C:\Users\Bi\Documents\MCUXpressoIDE_11.3.0_5222\Lab 3\lpc_chip_175x_6x\Debug\liblpc_chip_175x_6x.a(uart_17xx_40xx.o)
 .text.Chip_UART_EnableDivisorAccess
                0x00001c54       0x1e C:\Users\Bi\Documents\MCUXpressoIDE_11.3.0_5222\Lab 3\lpc_chip_175x_6x\Debug\liblpc_chip_175x_6x.a(uart_17xx_40xx.o)
 .text.Chip_UART_DisableDivisorAccess
                0x00001c72       0x1e C:\Users\Bi\Documents\MCUXpressoIDE_11.3.0_5222\Lab 3\lpc_chip_175x_6x\Debug\liblpc_chip_175x_6x.a(uart_17xx_40xx.o)
 .text.Chip_UART_SetDivisorLatches
                0x00001c90       0x26 C:\Users\Bi\Documents\MCUXpressoIDE_11.3.0_5222\Lab 3\lpc_chip_175x_6x\Debug\liblpc_chip_175x_6x.a(uart_17xx_40xx.o)
 *fill*         0x00001cb6        0x2 ff
 .text.Chip_UART_GetClockIndex
                0x00001cb8       0x50 C:\Users\Bi\Documents\MCUXpressoIDE_11.3.0_5222\Lab 3\lpc_chip_175x_6x\Debug\liblpc_chip_175x_6x.a(uart_17xx_40xx.o)
 .text.Chip_UART_GetClkIndex
                0x00001d08       0x50 C:\Users\Bi\Documents\MCUXpressoIDE_11.3.0_5222\Lab 3\lpc_chip_175x_6x\Debug\liblpc_chip_175x_6x.a(uart_17xx_40xx.o)
 .text.Chip_UART_Init
                0x00001d58       0x78 C:\Users\Bi\Documents\MCUXpressoIDE_11.3.0_5222\Lab 3\lpc_chip_175x_6x\Debug\liblpc_chip_175x_6x.a(uart_17xx_40xx.o)
                0x00001d58                Chip_UART_Init
 .text.Chip_UART_TXEnable
                0x00001dd0       0x18 C:\Users\Bi\Documents\MCUXpressoIDE_11.3.0_5222\Lab 3\lpc_chip_175x_6x\Debug\liblpc_chip_175x_6x.a(uart_17xx_40xx.o)
                0x00001dd0                Chip_UART_TXEnable
 .text.Chip_UART_TXDisable
                0x00001de8       0x18 C:\Users\Bi\Documents\MCUXpressoIDE_11.3.0_5222\Lab 3\lpc_chip_175x_6x\Debug\liblpc_chip_175x_6x.a(uart_17xx_40xx.o)
                0x00001de8                Chip_UART_TXDisable
 .text.Chip_UART_SetBaud
                0x00001e00       0x62 C:\Users\Bi\Documents\MCUXpressoIDE_11.3.0_5222\Lab 3\lpc_chip_175x_6x\Debug\liblpc_chip_175x_6x.a(uart_17xx_40xx.o)
                0x00001e00                Chip_UART_SetBaud
 .text.__main   0x00001e62        0xe c:/nxp/mcuxpressoide_11.3.0_5222/ide/plugins/com.nxp.mcuxpresso.tools.win32_11.3.0.202008311133/tools/bin/../lib/gcc/arm-none-eabi/9.3.1/../../../../arm-none-eabi/lib/thumb/v7-m/nofp\libcr_nohost.a(_cr__main.o)
                0x00001e62                __main
 .text.memset   0x00001e70        0x4 c:/nxp/mcuxpressoide_11.3.0_5222/ide/plugins/com.nxp.mcuxpresso.tools.win32_11.3.0.202008311133/tools/bin/../lib/gcc/arm-none-eabi/9.3.1/../../../../arm-none-eabi/lib/thumb/v7-m/nofp\libcr_c.a(memset.o)
                0x00001e70                memset
 .text.malloc   0x00001e74       0xc8 c:/nxp/mcuxpressoide_11.3.0_5222/ide/plugins/com.nxp.mcuxpresso.tools.win32_11.3.0.202008311133/tools/bin/../lib/gcc/arm-none-eabi/9.3.1/../../../../arm-none-eabi/lib/thumb/v7-m/nofp\libcr_c.a(alloc.o)
                0x00001e74                malloc
 .text.free     0x00001f3c       0x30 c:/nxp/mcuxpressoide_11.3.0_5222/ide/plugins/com.nxp.mcuxpresso.tools.win32_11.3.0.202008311133/tools/bin/../lib/gcc/arm-none-eabi/9.3.1/../../../../arm-none-eabi/lib/thumb/v7-m/nofp\libcr_c.a(alloc.o)
                0x00001f3c                free
 .text._initio  0x00001f6c       0x78 c:/nxp/mcuxpressoide_11.3.0_5222/ide/plugins/com.nxp.mcuxpresso.tools.win32_11.3.0.202008311133/tools/bin/../lib/gcc/arm-none-eabi/9.3.1/../../../../arm-none-eabi/lib/thumb/v7-m/nofp\libcr_c.a(initio.o)
                0x00001f6c                _initio
 .text.setvbuf  0x00001fe4       0x3e c:/nxp/mcuxpressoide_11.3.0_5222/ide/plugins/com.nxp.mcuxpresso.tools.win32_11.3.0.202008311133/tools/bin/../lib/gcc/arm-none-eabi/9.3.1/../../../../arm-none-eabi/lib/thumb/v7-m/nofp\libcr_c.a(setvbuf.o)
                0x00001fe4                setvbuf
 .text.strlen   0x00002022       0x4c c:/nxp/mcuxpressoide_11.3.0_5222/ide/plugins/com.nxp.mcuxpresso.tools.win32_11.3.0.202008311133/tools/bin/../lib/gcc/arm-none-eabi/9.3.1/../../../../arm-none-eabi/lib/thumb/v7-m/nofp\libcr_c.a(strlen.o)
                0x00002022                strlen
 *fill*         0x0000206e        0x2 ff
 .text._sbrk    0x00002070       0x3c c:/nxp/mcuxpressoide_11.3.0_5222/ide/plugins/com.nxp.mcuxpresso.tools.win32_11.3.0.202008311133/tools/bin/../lib/gcc/arm-none-eabi/9.3.1/../../../../arm-none-eabi/lib/thumb/v7-m/nofp\libcr_c.a(_cr_sbrk.o)
                0x00002070                _sbrk
 .text._deferredlazyseek
                0x000020ac       0x40 c:/nxp/mcuxpressoide_11.3.0_5222/ide/plugins/com.nxp.mcuxpresso.tools.win32_11.3.0.202008311133/tools/bin/../lib/gcc/arm-none-eabi/9.3.1/../../../../arm-none-eabi/lib/thumb/v7-m/nofp\libcr_c.a(_deferredlazyseek.o)
                0x000020ac                _deferredlazyseek
 .text._fdopen  0x000020ec       0x68 c:/nxp/mcuxpressoide_11.3.0_5222/ide/plugins/com.nxp.mcuxpresso.tools.win32_11.3.0.202008311133/tools/bin/../lib/gcc/arm-none-eabi/9.3.1/../../../../arm-none-eabi/lib/thumb/v7-m/nofp\libcr_c.a(_fdopen.o)
                0x000020ec                _fdopen
 .text._fflush  0x00002154       0x52 c:/nxp/mcuxpressoide_11.3.0_5222/ide/plugins/com.nxp.mcuxpresso.tools.win32_11.3.0.202008311133/tools/bin/../lib/gcc/arm-none-eabi/9.3.1/../../../../arm-none-eabi/lib/thumb/v7-m/nofp\libcr_c.a(_fflush.o)
                0x00002154                _fflush
 *fill*         0x000021a6        0x2 ff
 .text._Cwritebuf
                0x000021a8       0x6c c:/nxp/mcuxpressoide_11.3.0_5222/ide/plugins/com.nxp.mcuxpresso.tools.win32_11.3.0.202008311133/tools/bin/../lib/gcc/arm-none-eabi/9.3.1/../../../../arm-none-eabi/lib/thumb/v7-m/nofp\libcr_c.a(_writebuf.o)
                0x000021a8                _Cwritebuf
 .text.fclose   0x00002214       0x58 c:/nxp/mcuxpressoide_11.3.0_5222/ide/plugins/com.nxp.mcuxpresso.tools.win32_11.3.0.202008311133/tools/bin/../lib/gcc/arm-none-eabi/9.3.1/../../../../arm-none-eabi/lib/thumb/v7-m/nofp\libcr_c.a(fclose.o)
                0x00002214                fclose
 .text.fflush   0x0000226c       0x44 c:/nxp/mcuxpressoide_11.3.0_5222/ide/plugins/com.nxp.mcuxpresso.tools.win32_11.3.0.202008311133/tools/bin/../lib/gcc/arm-none-eabi/9.3.1/../../../../arm-none-eabi/lib/thumb/v7-m/nofp\libcr_c.a(fflush.o)
                0x0000226c                fflush
 .text.fseek    0x000022b0      0x100 c:/nxp/mcuxpressoide_11.3.0_5222/ide/plugins/com.nxp.mcuxpresso.tools.win32_11.3.0.202008311133/tools/bin/../lib/gcc/arm-none-eabi/9.3.1/../../../../arm-none-eabi/lib/thumb/v7-m/nofp\libcr_c.a(fseek.o)
                0x000022b0                fseek
 .text.ftell    0x000023b0       0x44 c:/nxp/mcuxpressoide_11.3.0_5222/ide/plugins/com.nxp.mcuxpresso.tools.win32_11.3.0.202008311133/tools/bin/../lib/gcc/arm-none-eabi/9.3.1/../../../../arm-none-eabi/lib/thumb/v7-m/nofp\libcr_c.a(ftell.o)
                0x000023b0                ftell
 .text.remove   0x000023f4       0x14 c:/nxp/mcuxpressoide_11.3.0_5222/ide/plugins/com.nxp.mcuxpresso.tools.win32_11.3.0.202008311133/tools/bin/../lib/gcc/arm-none-eabi/9.3.1/../../../../arm-none-eabi/lib/thumb/v7-m/nofp\libcr_c.a(remove.o)
                0x000023f4                remove
 .text.__check_heap_overflow
                0x00002408       0x14 c:/nxp/mcuxpressoide_11.3.0_5222/ide/plugins/com.nxp.mcuxpresso.tools.win32_11.3.0.202008311133/tools/bin/../lib/gcc/arm-none-eabi/9.3.1/../../../../arm-none-eabi/lib/thumb/v7-m/nofp\libcr_c.a(_cr_check_heap.o)
                0x00002408                __check_heap_overflow
 .text._do_fflush
                0x0000241c       0x40 c:/nxp/mcuxpressoide_11.3.0_5222/ide/plugins/com.nxp.mcuxpresso.tools.win32_11.3.0.202008311133/tools/bin/../lib/gcc/arm-none-eabi/9.3.1/../../../../arm-none-eabi/lib/thumb/v7-m/nofp\libcr_c.a(_do_fflush.o)
                0x0000241c                _do_fflush
 .text.__aeabi_memset_lowlevel
                0x0000245c       0x32 c:/nxp/mcuxpressoide_11.3.0_5222/ide/plugins/com.nxp.mcuxpresso.tools.win32_11.3.0.202008311133/tools/bin/../lib/gcc/arm-none-eabi/9.3.1/thumb/v7-m/nofp\libcr_eabihelpers.a(memcpy.o)
                0x0000245c                __aeabi_lowlevel_memset
 .text.__sys_close
                0x0000248e        0x6 c:/nxp/mcuxpressoide_11.3.0_5222/ide/plugins/com.nxp.mcuxpresso.tools.win32_11.3.0.202008311133/tools/bin/../lib/gcc/arm-none-eabi/9.3.1/../../../../arm-none-eabi/lib/thumb/v7-m/nofp\libcr_nohost.a(__sys_close.o)
                0x0000248e                __sys_close
 .text.__sys_flen
                0x00002494        0x6 c:/nxp/mcuxpressoide_11.3.0_5222/ide/plugins/com.nxp.mcuxpresso.tools.win32_11.3.0.202008311133/tools/bin/../lib/gcc/arm-none-eabi/9.3.1/../../../../arm-none-eabi/lib/thumb/v7-m/nofp\libcr_nohost.a(__sys_flen.o)
                0x00002494                __sys_flen
 .text.__sys_istty
                0x0000249a        0x6 c:/nxp/mcuxpressoide_11.3.0_5222/ide/plugins/com.nxp.mcuxpresso.tools.win32_11.3.0.202008311133/tools/bin/../lib/gcc/arm-none-eabi/9.3.1/../../../../arm-none-eabi/lib/thumb/v7-m/nofp\libcr_nohost.a(__sys_istty.o)
                0x0000249a                __sys_istty
 .text.__sys_remove
                0x000024a0        0x6 c:/nxp/mcuxpressoide_11.3.0_5222/ide/plugins/com.nxp.mcuxpresso.tools.win32_11.3.0.202008311133/tools/bin/../lib/gcc/arm-none-eabi/9.3.1/../../../../arm-none-eabi/lib/thumb/v7-m/nofp\libcr_nohost.a(__sys_remove.o)
                0x000024a0                __sys_remove
 .text.__sys_seek
                0x000024a6        0x6 c:/nxp/mcuxpressoide_11.3.0_5222/ide/plugins/com.nxp.mcuxpresso.tools.win32_11.3.0.202008311133/tools/bin/../lib/gcc/arm-none-eabi/9.3.1/../../../../arm-none-eabi/lib/thumb/v7-m/nofp\libcr_nohost.a(__sys_seek.o)
                0x000024a6                __sys_seek
 .text.__sys_tmpnam
                0x000024ac        0x6 c:/nxp/mcuxpressoide_11.3.0_5222/ide/plugins/com.nxp.mcuxpresso.tools.win32_11.3.0.202008311133/tools/bin/../lib/gcc/arm-none-eabi/9.3.1/../../../../arm-none-eabi/lib/thumb/v7-m/nofp\libcr_nohost.a(__sys_tmpnam.o)
                0x000024ac                __sys_tmpnam
 */tasks.o(.rodata*)
 *fill*         0x000024b2        0x2 ff
 .rodata.vTaskStartScheduler.str1.4
                0x000024b4        0x5 ./freertos/src/tasks.o
 *(.rodata .rodata.* .constdata .constdata.*)
 *fill*         0x000024b9        0x3 ff
 .rodata.main.str1.4
                0x000024bc       0x22 ./example/src/freertos_blinky.o
 *fill*         0x000024de        0x2 ff
 .rodata.OscRateIn
                0x000024e0        0x4 C:\Users\Bi\Documents\MCUXpressoIDE_11.3.0_5222\Lab 3\lpc_board_nxp_lpcxpresso_1769\Debug\liblpc_board_nxp_lpcxpresso_1769.a(board.o)
                0x000024e0                OscRateIn
 .rodata.RTCOscRateIn
                0x000024e4        0x4 C:\Users\Bi\Documents\MCUXpressoIDE_11.3.0_5222\Lab 3\lpc_board_nxp_lpcxpresso_1769\Debug\liblpc_board_nxp_lpcxpresso_1769.a(board.o)
                0x000024e4                RTCOscRateIn
 .rodata.pinmuxing
                0x000024e8       0x5c C:\Users\Bi\Documents\MCUXpressoIDE_11.3.0_5222\Lab 3\lpc_board_nxp_lpcxpresso_1769\Debug\liblpc_board_nxp_lpcxpresso_1769.a(board_sysinit.o)
 .rodata._initio.str1.1
                0x00002544        0x4 c:/nxp/mcuxpressoide_11.3.0_5222/ide/plugins/com.nxp.mcuxpresso.tools.win32_11.3.0.202008311133/tools/bin/../lib/gcc/arm-none-eabi/9.3.1/../../../../arm-none-eabi/lib/thumb/v7-m/nofp\libcr_c.a(initio.o)
 .rodata.__num_Ciob_streams
                0x00002548        0x4 c:/nxp/mcuxpressoide_11.3.0_5222/ide/plugins/com.nxp.mcuxpresso.tools.win32_11.3.0.202008311133/tools/bin/../lib/gcc/arm-none-eabi/9.3.1/../../../../arm-none-eabi/lib/thumb/v7-m/nofp\libcr_nohost.a(__ciob.o)
                0x00002548                __num_Ciob_streams
                0x0000254c                . = ALIGN (0x4)

.glue_7         0x0000254c        0x0
 .glue_7        0x0000254c        0x0 linker stubs

.glue_7t        0x0000254c        0x0
 .glue_7t       0x0000254c        0x0 linker stubs

.vfp11_veneer   0x0000254c        0x0
 .vfp11_veneer  0x0000254c        0x0 linker stubs

.v4_bx          0x0000254c        0x0
 .v4_bx         0x0000254c        0x0 linker stubs

.iplt           0x0000254c        0x0
 .iplt          0x0000254c        0x0 ./freertos/src/FreeRTOSCommonHooks.o

.rel.dyn        0x0000254c        0x0
 .rel.iplt      0x0000254c        0x0 ./freertos/src/FreeRTOSCommonHooks.o

.ARM.extab
 *(.ARM.extab* .gnu.linkonce.armextab.*)

.ARM.exidx      0x0000254c        0x0
                0x0000254c                __exidx_start = .
 *(.ARM.exidx* .gnu.linkonce.armexidx.*)
                0x0000254c                __exidx_end = .
                0x0000254c                _etext = .

.data_RAM2      0x2007c000        0x0 load address 0x0000254c
 FILL mask 0xff
                [!provide]                PROVIDE (__start_data_RAM2 = .)
                [!provide]                PROVIDE (__start_data_RamAHB32 = .)
 *(.ramfunc.$RAM2)
 *(.ramfunc.$RamAHB32)
 *(.data.$RAM2)
 *(.data.$RamAHB32)
 *(.data.$RAM2.*)
 *(.data.$RamAHB32.*)
                0x2007c000                . = ALIGN (0x4)
                [!provide]                PROVIDE (__end_data_RAM2 = .)
                [!provide]                PROVIDE (__end_data_RamAHB32 = .)

.uninit_RESERVED
                0x10000000        0x0
                0x10000000                _start_uninit_RESERVED = .
 *(.bss.$RESERVED*)
                0x10000000                . = ALIGN (0x4)
                0x10000000                _end_uninit_RESERVED = .

.data           0x10000000       0x10 load address 0x0000254c
 FILL mask 0xff
                0x10000000                _data = .
                [!provide]                PROVIDE (__start_data_RAM = .)
                [!provide]                PROVIDE (__start_data_RamLoc32 = .)
 *(vtable)
 *(.ramfunc*)
 *(CodeQuickAccess)
 *(DataQuickAccess)
 *(RamFunction)
 *(.data*)
 .data.uxCriticalNesting
                0x10000000        0x4 ./freertos/src/port.o
 .data.xNextTaskUnblockTime
                0x10000004        0x4 ./freertos/src/tasks.o
 .data.green    0x10000008        0x4 ./example/src/freertos_blinky.o
                0x10000008                green
 .data.blue     0x1000000c        0x4 ./example/src/freertos_blinky.o
                0x1000000c                blue
                0x10000010                . = ALIGN (0x4)
                0x10000010                _edata = .
                [!provide]                PROVIDE (__end_data_RAM = .)
                [!provide]                PROVIDE (__end_data_RamLoc32 = .)

.igot.plt       0x10000010        0x0 load address 0x0000255c
 .igot.plt      0x10000010        0x0 ./freertos/src/FreeRTOSCommonHooks.o

.bss_RAM2       0x2007c000        0x0
                [!provide]                PROVIDE (__start_bss_RAM2 = .)
                [!provide]                PROVIDE (__start_bss_RamAHB32 = .)
 *(.bss.$RAM2)
 *(.bss.$RamAHB32)
 *(.bss.$RAM2.*)
 *(.bss.$RamAHB32.*)
                0x2007c000                . = ALIGN ((. != 0x0)?0x4:0x1)
                [!provide]                PROVIDE (__end_bss_RAM2 = .)
                [!provide]                PROVIDE (__end_bss_RamAHB32 = .)

.bss            0x10000010      0x338
                0x10000010                _bss = .
                [!provide]                PROVIDE (__start_bss_RAM = .)
                [!provide]                PROVIDE (__start_bss_RamLoc32 = .)
 *(.bss*)
 .bss.ulTimerCountsForOneTick
                0x10000010        0x4 ./freertos/src/port.o
 .bss.xMaximumPossibleSuppressedTicks
                0x10000014        0x4 ./freertos/src/port.o
 .bss.ulStoppedTimerCompensation
                0x10000018        0x4 ./freertos/src/port.o
 .bss.pxCurrentTCB
                0x1000001c        0x4 ./freertos/src/tasks.o
                0x1000001c                pxCurrentTCB
 .bss.pxReadyTasksLists
                0x10000020       0xa0 ./freertos/src/tasks.o
 .bss.xDelayedTaskList1
                0x100000c0       0x14 ./freertos/src/tasks.o
 .bss.xDelayedTaskList2
                0x100000d4       0x14 ./freertos/src/tasks.o
 .bss.pxDelayedTaskList
                0x100000e8        0x4 ./freertos/src/tasks.o
 .bss.pxOverflowDelayedTaskList
                0x100000ec        0x4 ./freertos/src/tasks.o
 .bss.xPendingReadyList
                0x100000f0       0x14 ./freertos/src/tasks.o
 .bss.xTasksWaitingTermination
                0x10000104       0x14 ./freertos/src/tasks.o
 .bss.uxTasksDeleted
                0x10000118        0x4 ./freertos/src/tasks.o
 .bss.xSuspendedTaskList
                0x1000011c       0x14 ./freertos/src/tasks.o
 .bss.uxCurrentNumberOfTasks
                0x10000130        0x4 ./freertos/src/tasks.o
 .bss.xTickCount
                0x10000134        0x4 ./freertos/src/tasks.o
 .bss.uxTopReadyPriority
                0x10000138        0x4 ./freertos/src/tasks.o
 .bss.xSchedulerRunning
                0x1000013c        0x4 ./freertos/src/tasks.o
 .bss.uxSchedulerSuspended
                0x10000140        0x4 ./freertos/src/tasks.o
 .bss.uxPendedTicks
                0x10000144        0x4 ./freertos/src/tasks.o
 .bss.xYieldPending
                0x10000148        0x4 ./freertos/src/tasks.o
 .bss.xNumOfOverflows
                0x1000014c        0x4 ./freertos/src/tasks.o
 .bss.uxTaskNumber
                0x10000150        0x4 ./freertos/src/tasks.o
 .bss.red       0x10000154        0x4 ./example/src/freertos_blinky.o
                0x10000154                red
 .bss.__end_of_heap
                0x10000158        0x4 c:/nxp/mcuxpressoide_11.3.0_5222/ide/plugins/com.nxp.mcuxpresso.tools.win32_11.3.0.202008311133/tools/bin/../lib/gcc/arm-none-eabi/9.3.1/../../../../arm-none-eabi/lib/thumb/v7-m/nofp\libcr_c.a(__init_alloc.o)
                0x10000158                __end_of_heap
 .bss.__heaps   0x1000015c        0x4 c:/nxp/mcuxpressoide_11.3.0_5222/ide/plugins/com.nxp.mcuxpresso.tools.win32_11.3.0.202008311133/tools/bin/../lib/gcc/arm-none-eabi/9.3.1/../../../../arm-none-eabi/lib/thumb/v7-m/nofp\libcr_c.a(__init_alloc.o)
                0x1000015c                __heaps
 .bss.errno     0x10000160        0x4 c:/nxp/mcuxpressoide_11.3.0_5222/ide/plugins/com.nxp.mcuxpresso.tools.win32_11.3.0.202008311133/tools/bin/../lib/gcc/arm-none-eabi/9.3.1/../../../../arm-none-eabi/lib/thumb/v7-m/nofp\libcr_c.a(errno.o)
                0x10000160                errno
 .bss.__Ciob    0x10000164      0x1e0 c:/nxp/mcuxpressoide_11.3.0_5222/ide/plugins/com.nxp.mcuxpresso.tools.win32_11.3.0.202008311133/tools/bin/../lib/gcc/arm-none-eabi/9.3.1/../../../../arm-none-eabi/lib/thumb/v7-m/nofp\libcr_nohost.a(__ciob.o)
                0x10000164                __Ciob
 *(COMMON)
 COMMON         0x10000344        0x4 C:\Users\Bi\Documents\MCUXpressoIDE_11.3.0_5222\Lab 3\lpc_chip_175x_6x\Debug\liblpc_chip_175x_6x.a(chip_17xx_40xx.o)
                0x10000344                SystemCoreClock
                0x10000348                . = ALIGN (0x4)
                0x10000348                _ebss = .
                [!provide]                PROVIDE (__end_bss_RAM = .)
                [!provide]                PROVIDE (__end_bss_RamLoc32 = .)
                [!provide]                PROVIDE (end = .)

.noinit_RAM2    0x2007c000        0x0
                [!provide]                PROVIDE (__start_noinit_RAM2 = .)
                [!provide]                PROVIDE (__start_noinit_RamAHB32 = .)
 *(.noinit.$RAM2)
 *(.noinit.$RamAHB32)
 *(.noinit.$RAM2.*)
 *(.noinit.$RamAHB32.*)
                0x2007c000                . = ALIGN (0x4)
                [!provide]                PROVIDE (__end_noinit_RAM2 = .)
                [!provide]                PROVIDE (__end_noinit_RamAHB32 = .)

.noinit         0x10000348        0x0
                0x10000348                _noinit = .
                [!provide]                PROVIDE (__start_noinit_RAM = .)
                [!provide]                PROVIDE (__start_noinit_RamLoc32 = .)
 *(.noinit*)
                0x10000348                . = ALIGN (0x4)
                0x10000348                _end_noinit = .
                [!provide]                PROVIDE (__end_noinit_RAM = .)
                [!provide]                PROVIDE (__end_noinit_RamLoc32 = .)
                0x10000348                PROVIDE (_pvHeapStart = DEFINED (__user_heap_base)?__user_heap_base:.)
                0x10008000                PROVIDE (_vStackTop = DEFINED (__user_stack_top)?__user_stack_top:(__top_RamLoc32 - 0x0))
                [!provide]                PROVIDE (__valid_user_code_checksum = (0x0 - ((((((_vStackTop + (ResetISR + 0x1)) + (NMI_Handler + 0x1)) + (HardFault_Handler + 0x1)) + (DEFINED (MemManage_Handler)?MemManage_Handler:0x0 + 0x1)) + (DEFINED (BusFault_Handler)?BusFault_Handler:0x0 + 0x1)) + (DEFINED (UsageFault_Handler)?UsageFault_Handler:0x0 + 0x1))))
                0x00000000                _image_start = LOADADDR (.text)
                0x0000255c                _image_end = (LOADADDR (.data) + SIZEOF (.data))
                0x0000255c                _image_size = (_image_end - _image_start)
OUTPUT(freertos_blinky.axf elf32-littlearm)
LOAD linker stubs

.debug_info     0x00000000     0x72ac
 .debug_info    0x00000000      0x2f8 ./freertos/src/FreeRTOSCommonHooks.o
 .debug_info    0x000002f8      0x282 ./freertos/src/heap_3.o
 .debug_info    0x0000057a      0x439 ./freertos/src/list.o
 .debug_info    0x000009b3      0x53e ./freertos/src/port.o
 .debug_info    0x00000ef1     0x1436 ./freertos/src/tasks.o
 .debug_info    0x00002327      0x272 ./example/src/cr_startup_lpc175x_6x.o
 .debug_info    0x00002599      0x3b8 ./example/src/freertos_blinky.o
 .debug_info    0x00002951      0x250 ./example/src/sysinit.o
 .debug_info    0x00002ba1     0x1662 C:\Users\Bi\Documents\MCUXpressoIDE_11.3.0_5222\Lab 3\lpc_board_nxp_lpcxpresso_1769\Debug\liblpc_board_nxp_lpcxpresso_1769.a(board.o)
 .debug_info    0x00004203      0x71d C:\Users\Bi\Documents\MCUXpressoIDE_11.3.0_5222\Lab 3\lpc_board_nxp_lpcxpresso_1769\Debug\liblpc_board_nxp_lpcxpresso_1769.a(board_sysinit.o)
 .debug_info    0x00004920      0x591 C:\Users\Bi\Documents\MCUXpressoIDE_11.3.0_5222\Lab 3\lpc_chip_175x_6x\Debug\liblpc_chip_175x_6x.a(chip_17xx_40xx.o)
 .debug_info    0x00004eb1      0xc2a C:\Users\Bi\Documents\MCUXpressoIDE_11.3.0_5222\Lab 3\lpc_chip_175x_6x\Debug\liblpc_chip_175x_6x.a(clock_17xx_40xx.o)
 .debug_info    0x00005adb      0x347 C:\Users\Bi\Documents\MCUXpressoIDE_11.3.0_5222\Lab 3\lpc_chip_175x_6x\Debug\liblpc_chip_175x_6x.a(iocon_17xx_40xx.o)
 .debug_info    0x00005e22      0x4b0 C:\Users\Bi\Documents\MCUXpressoIDE_11.3.0_5222\Lab 3\lpc_chip_175x_6x\Debug\liblpc_chip_175x_6x.a(sysinit_17xx_40xx.o)
 .debug_info    0x000062d2      0xfda C:\Users\Bi\Documents\MCUXpressoIDE_11.3.0_5222\Lab 3\lpc_chip_175x_6x\Debug\liblpc_chip_175x_6x.a(uart_17xx_40xx.o)

.debug_abbrev   0x00000000     0x1cf0
 .debug_abbrev  0x00000000      0x181 ./freertos/src/FreeRTOSCommonHooks.o
 .debug_abbrev  0x00000181      0x12b ./freertos/src/heap_3.o
 .debug_abbrev  0x000002ac      0x136 ./freertos/src/list.o
 .debug_abbrev  0x000003e2      0x243 ./freertos/src/port.o
 .debug_abbrev  0x00000625      0x291 ./freertos/src/tasks.o
 .debug_abbrev  0x000008b6      0x117 ./example/src/cr_startup_lpc175x_6x.o
 .debug_abbrev  0x000009cd      0x161 ./example/src/freertos_blinky.o
 .debug_abbrev  0x00000b2e       0xeb ./example/src/sysinit.o
 .debug_abbrev  0x00000c19      0x413 C:\Users\Bi\Documents\MCUXpressoIDE_11.3.0_5222\Lab 3\lpc_board_nxp_lpcxpresso_1769\Debug\liblpc_board_nxp_lpcxpresso_1769.a(board.o)
 .debug_abbrev  0x0000102c      0x1a2 C:\Users\Bi\Documents\MCUXpressoIDE_11.3.0_5222\Lab 3\lpc_board_nxp_lpcxpresso_1769\Debug\liblpc_board_nxp_lpcxpresso_1769.a(board_sysinit.o)
 .debug_abbrev  0x000011ce      0x16d C:\Users\Bi\Documents\MCUXpressoIDE_11.3.0_5222\Lab 3\lpc_chip_175x_6x\Debug\liblpc_chip_175x_6x.a(chip_17xx_40xx.o)
 .debug_abbrev  0x0000133b      0x34d C:\Users\Bi\Documents\MCUXpressoIDE_11.3.0_5222\Lab 3\lpc_chip_175x_6x\Debug\liblpc_chip_175x_6x.a(clock_17xx_40xx.o)
 .debug_abbrev  0x00001688      0x164 C:\Users\Bi\Documents\MCUXpressoIDE_11.3.0_5222\Lab 3\lpc_chip_175x_6x\Debug\liblpc_chip_175x_6x.a(iocon_17xx_40xx.o)
 .debug_abbrev  0x000017ec      0x1b0 C:\Users\Bi\Documents\MCUXpressoIDE_11.3.0_5222\Lab 3\lpc_chip_175x_6x\Debug\liblpc_chip_175x_6x.a(sysinit_17xx_40xx.o)
 .debug_abbrev  0x0000199c      0x354 C:\Users\Bi\Documents\MCUXpressoIDE_11.3.0_5222\Lab 3\lpc_chip_175x_6x\Debug\liblpc_chip_175x_6x.a(uart_17xx_40xx.o)

.debug_aranges  0x00000000      0x830
 .debug_aranges
                0x00000000       0x40 ./freertos/src/FreeRTOSCommonHooks.o
 .debug_aranges
                0x00000040       0x28 ./freertos/src/heap_3.o
 .debug_aranges
                0x00000068       0x40 ./freertos/src/list.o
 .debug_aranges
                0x000000a8       0x90 ./freertos/src/port.o
 .debug_aranges
                0x00000138      0x170 ./freertos/src/tasks.o
 .debug_aranges
                0x000002a8       0x80 ./example/src/cr_startup_lpc175x_6x.o
 .debug_aranges
                0x00000328       0x40 ./example/src/freertos_blinky.o
 .debug_aranges
                0x00000368       0x20 ./example/src/sysinit.o
 .debug_aranges
                0x00000388      0x160 C:\Users\Bi\Documents\MCUXpressoIDE_11.3.0_5222\Lab 3\lpc_board_nxp_lpcxpresso_1769\Debug\liblpc_board_nxp_lpcxpresso_1769.a(board.o)
 .debug_aranges
                0x000004e8       0x38 C:\Users\Bi\Documents\MCUXpressoIDE_11.3.0_5222\Lab 3\lpc_board_nxp_lpcxpresso_1769\Debug\liblpc_board_nxp_lpcxpresso_1769.a(board_sysinit.o)
 .debug_aranges
                0x00000520       0x38 C:\Users\Bi\Documents\MCUXpressoIDE_11.3.0_5222\Lab 3\lpc_chip_175x_6x\Debug\liblpc_chip_175x_6x.a(chip_17xx_40xx.o)
 .debug_aranges
                0x00000558      0x120 C:\Users\Bi\Documents\MCUXpressoIDE_11.3.0_5222\Lab 3\lpc_chip_175x_6x\Debug\liblpc_chip_175x_6x.a(clock_17xx_40xx.o)
 .debug_aranges
                0x00000678       0x30 C:\Users\Bi\Documents\MCUXpressoIDE_11.3.0_5222\Lab 3\lpc_chip_175x_6x\Debug\liblpc_chip_175x_6x.a(iocon_17xx_40xx.o)
 .debug_aranges
                0x000006a8       0x60 C:\Users\Bi\Documents\MCUXpressoIDE_11.3.0_5222\Lab 3\lpc_chip_175x_6x\Debug\liblpc_chip_175x_6x.a(sysinit_17xx_40xx.o)
 .debug_aranges
                0x00000708      0x128 C:\Users\Bi\Documents\MCUXpressoIDE_11.3.0_5222\Lab 3\lpc_chip_175x_6x\Debug\liblpc_chip_175x_6x.a(uart_17xx_40xx.o)

.debug_ranges   0x00000000      0x740
 .debug_ranges  0x00000000       0x30 ./freertos/src/FreeRTOSCommonHooks.o
 .debug_ranges  0x00000030       0x18 ./freertos/src/heap_3.o
 .debug_ranges  0x00000048       0x30 ./freertos/src/list.o
 .debug_ranges  0x00000078       0x80 ./freertos/src/port.o
 .debug_ranges  0x000000f8      0x160 ./freertos/src/tasks.o
 .debug_ranges  0x00000258       0x70 ./example/src/cr_startup_lpc175x_6x.o
 .debug_ranges  0x000002c8       0x30 ./example/src/freertos_blinky.o
 .debug_ranges  0x000002f8       0x10 ./example/src/sysinit.o
 .debug_ranges  0x00000308      0x150 C:\Users\Bi\Documents\MCUXpressoIDE_11.3.0_5222\Lab 3\lpc_board_nxp_lpcxpresso_1769\Debug\liblpc_board_nxp_lpcxpresso_1769.a(board.o)
 .debug_ranges  0x00000458       0x28 C:\Users\Bi\Documents\MCUXpressoIDE_11.3.0_5222\Lab 3\lpc_board_nxp_lpcxpresso_1769\Debug\liblpc_board_nxp_lpcxpresso_1769.a(board_sysinit.o)
 .debug_ranges  0x00000480       0x28 C:\Users\Bi\Documents\MCUXpressoIDE_11.3.0_5222\Lab 3\lpc_chip_175x_6x\Debug\liblpc_chip_175x_6x.a(chip_17xx_40xx.o)
 .debug_ranges  0x000004a8      0x110 C:\Users\Bi\Documents\MCUXpressoIDE_11.3.0_5222\Lab 3\lpc_chip_175x_6x\Debug\liblpc_chip_175x_6x.a(clock_17xx_40xx.o)
 .debug_ranges  0x000005b8       0x20 C:\Users\Bi\Documents\MCUXpressoIDE_11.3.0_5222\Lab 3\lpc_chip_175x_6x\Debug\liblpc_chip_175x_6x.a(iocon_17xx_40xx.o)
 .debug_ranges  0x000005d8       0x50 C:\Users\Bi\Documents\MCUXpressoIDE_11.3.0_5222\Lab 3\lpc_chip_175x_6x\Debug\liblpc_chip_175x_6x.a(sysinit_17xx_40xx.o)
 .debug_ranges  0x00000628      0x118 C:\Users\Bi\Documents\MCUXpressoIDE_11.3.0_5222\Lab 3\lpc_chip_175x_6x\Debug\liblpc_chip_175x_6x.a(uart_17xx_40xx.o)

.debug_macro    0x00000000     0x62bb
 .debug_macro   0x00000000      0x29c ./freertos/src/FreeRTOSCommonHooks.o
 .debug_macro   0x0000029c      0xaa8 ./freertos/src/FreeRTOSCommonHooks.o
 .debug_macro   0x00000d44       0x10 ./freertos/src/FreeRTOSCommonHooks.o
 .debug_macro   0x00000d54      0x12e ./freertos/src/FreeRTOSCommonHooks.o
 .debug_macro   0x00000e82       0x16 ./freertos/src/FreeRTOSCommonHooks.o
 .debug_macro   0x00000e98       0x46 ./freertos/src/FreeRTOSCommonHooks.o
 .debug_macro   0x00000ede      0x5b3 ./freertos/src/FreeRTOSCommonHooks.o
 .debug_macro   0x00001491       0x22 ./freertos/src/FreeRTOSCommonHooks.o
 .debug_macro   0x000014b3       0x74 ./freertos/src/FreeRTOSCommonHooks.o
 .debug_macro   0x00001527       0x10 ./freertos/src/FreeRTOSCommonHooks.o
 .debug_macro   0x00001537       0x2d ./freertos/src/FreeRTOSCommonHooks.o
 .debug_macro   0x00001564       0x3a ./freertos/src/FreeRTOSCommonHooks.o
 .debug_macro   0x0000159e       0x2d ./freertos/src/FreeRTOSCommonHooks.o
 .debug_macro   0x000015cb      0xbb1 ./freertos/src/FreeRTOSCommonHooks.o
 .debug_macro   0x0000217c      0x22c ./freertos/src/FreeRTOSCommonHooks.o
 .debug_macro   0x000023a8       0x42 ./freertos/src/FreeRTOSCommonHooks.o
 .debug_macro   0x000023ea       0x52 ./freertos/src/FreeRTOSCommonHooks.o
 .debug_macro   0x0000243c       0x78 ./freertos/src/FreeRTOSCommonHooks.o
 .debug_macro   0x000024b4       0x82 ./freertos/src/FreeRTOSCommonHooks.o
 .debug_macro   0x00002536      0x48c ./freertos/src/FreeRTOSCommonHooks.o
 .debug_macro   0x000029c2       0x34 ./freertos/src/FreeRTOSCommonHooks.o
 .debug_macro   0x000029f6      0x4c5 ./freertos/src/FreeRTOSCommonHooks.o
 .debug_macro   0x00002ebb      0x1b7 ./freertos/src/FreeRTOSCommonHooks.o
 .debug_macro   0x00003072       0x10 ./freertos/src/FreeRTOSCommonHooks.o
 .debug_macro   0x00003082      0x21b ./freertos/src/FreeRTOSCommonHooks.o
 .debug_macro   0x0000329d      0x1b9 ./freertos/src/FreeRTOSCommonHooks.o
 .debug_macro   0x00003456       0x40 ./freertos/src/FreeRTOSCommonHooks.o
 .debug_macro   0x00003496       0x22 ./freertos/src/FreeRTOSCommonHooks.o
 .debug_macro   0x000034b8      0x162 ./freertos/src/FreeRTOSCommonHooks.o
 .debug_macro   0x0000361a       0x94 ./freertos/src/FreeRTOSCommonHooks.o
 .debug_macro   0x000036ae       0xb8 ./freertos/src/FreeRTOSCommonHooks.o
 .debug_macro   0x00003766       0x4c ./freertos/src/FreeRTOSCommonHooks.o
 .debug_macro   0x000037b2       0x16 ./freertos/src/FreeRTOSCommonHooks.o
 .debug_macro   0x000037c8      0x328 ./freertos/src/FreeRTOSCommonHooks.o
 .debug_macro   0x00003af0       0x49 ./freertos/src/FreeRTOSCommonHooks.o
 .debug_macro   0x00003b39       0x16 ./freertos/src/FreeRTOSCommonHooks.o
 .debug_macro   0x00003b4f       0xca ./freertos/src/FreeRTOSCommonHooks.o
 .debug_macro   0x00003c19       0x11 ./freertos/src/FreeRTOSCommonHooks.o
 .debug_macro   0x00003c2a       0x70 ./freertos/src/FreeRTOSCommonHooks.o
 .debug_macro   0x00003c9a       0x9a ./freertos/src/FreeRTOSCommonHooks.o
 .debug_macro   0x00003d34       0x20 ./freertos/src/FreeRTOSCommonHooks.o
 .debug_macro   0x00003d54       0x28 ./freertos/src/FreeRTOSCommonHooks.o
 .debug_macro   0x00003d7c       0xee ./freertos/src/FreeRTOSCommonHooks.o
 .debug_macro   0x00003e6a       0xab ./freertos/src/FreeRTOSCommonHooks.o
 .debug_macro   0x00003f15       0x12 ./freertos/src/FreeRTOSCommonHooks.o
 .debug_macro   0x00003f27       0x1f ./freertos/src/FreeRTOSCommonHooks.o
 .debug_macro   0x00003f46      0x257 ./freertos/src/FreeRTOSCommonHooks.o
 .debug_macro   0x0000419d       0x64 ./freertos/src/FreeRTOSCommonHooks.o
 .debug_macro   0x00004201       0x57 ./freertos/src/FreeRTOSCommonHooks.o
 .debug_macro   0x00004258      0x2b2 ./freertos/src/heap_3.o
 .debug_macro   0x0000450a       0x28 ./freertos/src/heap_3.o
 .debug_macro   0x00004532      0x297 ./freertos/src/list.o
 .debug_macro   0x000047c9      0x329 ./freertos/src/port.o
 .debug_macro   0x00004af2      0x336 ./freertos/src/tasks.o
 .debug_macro   0x00004e28       0x5b ./freertos/src/tasks.o
 .debug_macro   0x00004e83       0x16 ./freertos/src/tasks.o
 .debug_macro   0x00004e99       0x1d ./example/src/cr_startup_lpc175x_6x.o
 .debug_macro   0x00004eb6      0x28c ./example/src/freertos_blinky.o
 .debug_macro   0x00005142       0x7b ./example/src/freertos_blinky.o
 .debug_macro   0x000051bd       0x18 ./example/src/freertos_blinky.o
 .debug_macro   0x000051d5       0x10 ./example/src/freertos_blinky.o
 .debug_macro   0x000051e5       0xf4 ./example/src/freertos_blinky.o
 .debug_macro   0x000052d9      0x217 ./example/src/sysinit.o
 .debug_macro   0x000054f0      0x2a1 C:\Users\Bi\Documents\MCUXpressoIDE_11.3.0_5222\Lab 3\lpc_board_nxp_lpcxpresso_1769\Debug\liblpc_board_nxp_lpcxpresso_1769.a(board.o)
 .debug_macro   0x00005791       0x12 C:\Users\Bi\Documents\MCUXpressoIDE_11.3.0_5222\Lab 3\lpc_board_nxp_lpcxpresso_1769\Debug\liblpc_board_nxp_lpcxpresso_1769.a(board.o)
 .debug_macro   0x000057a3      0x217 C:\Users\Bi\Documents\MCUXpressoIDE_11.3.0_5222\Lab 3\lpc_board_nxp_lpcxpresso_1769\Debug\liblpc_board_nxp_lpcxpresso_1769.a(board_sysinit.o)
 .debug_macro   0x000059ba      0x1cd C:\Users\Bi\Documents\MCUXpressoIDE_11.3.0_5222\Lab 3\lpc_chip_175x_6x\Debug\liblpc_chip_175x_6x.a(chip_17xx_40xx.o)
 .debug_macro   0x00005b87      0x1cd C:\Users\Bi\Documents\MCUXpressoIDE_11.3.0_5222\Lab 3\lpc_chip_175x_6x\Debug\liblpc_chip_175x_6x.a(clock_17xx_40xx.o)
 .debug_macro   0x00005d54      0x1cd C:\Users\Bi\Documents\MCUXpressoIDE_11.3.0_5222\Lab 3\lpc_chip_175x_6x\Debug\liblpc_chip_175x_6x.a(iocon_17xx_40xx.o)
 .debug_macro   0x00005f21      0x1cd C:\Users\Bi\Documents\MCUXpressoIDE_11.3.0_5222\Lab 3\lpc_chip_175x_6x\Debug\liblpc_chip_175x_6x.a(sysinit_17xx_40xx.o)
 .debug_macro   0x000060ee      0x1cd C:\Users\Bi\Documents\MCUXpressoIDE_11.3.0_5222\Lab 3\lpc_chip_175x_6x\Debug\liblpc_chip_175x_6x.a(uart_17xx_40xx.o)

.debug_line     0x00000000     0x71ef
 .debug_line    0x00000000      0x6c9 ./freertos/src/FreeRTOSCommonHooks.o
 .debug_line    0x000006c9      0x668 ./freertos/src/heap_3.o
 .debug_line    0x00000d31      0x731 ./freertos/src/list.o
 .debug_line    0x00001462      0x8f9 ./freertos/src/port.o
 .debug_line    0x00001d5b     0x1314 ./freertos/src/tasks.o
 .debug_line    0x0000306f      0x168 ./example/src/cr_startup_lpc175x_6x.o
 .debug_line    0x000031d7      0x6e5 ./example/src/freertos_blinky.o
 .debug_line    0x000038bc      0x518 ./example/src/sysinit.o
 .debug_line    0x00003dd4      0xa93 C:\Users\Bi\Documents\MCUXpressoIDE_11.3.0_5222\Lab 3\lpc_board_nxp_lpcxpresso_1769\Debug\liblpc_board_nxp_lpcxpresso_1769.a(board.o)
 .debug_line    0x00004867      0x569 C:\Users\Bi\Documents\MCUXpressoIDE_11.3.0_5222\Lab 3\lpc_board_nxp_lpcxpresso_1769\Debug\liblpc_board_nxp_lpcxpresso_1769.a(board_sysinit.o)
 .debug_line    0x00004dd0      0x51a C:\Users\Bi\Documents\MCUXpressoIDE_11.3.0_5222\Lab 3\lpc_chip_175x_6x\Debug\liblpc_chip_175x_6x.a(chip_17xx_40xx.o)
 .debug_line    0x000052ea      0x981 C:\Users\Bi\Documents\MCUXpressoIDE_11.3.0_5222\Lab 3\lpc_chip_175x_6x\Debug\liblpc_chip_175x_6x.a(clock_17xx_40xx.o)
 .debug_line    0x00005c6b      0x536 C:\Users\Bi\Documents\MCUXpressoIDE_11.3.0_5222\Lab 3\lpc_chip_175x_6x\Debug\liblpc_chip_175x_6x.a(iocon_17xx_40xx.o)
 .debug_line    0x000061a1      0x5f3 C:\Users\Bi\Documents\MCUXpressoIDE_11.3.0_5222\Lab 3\lpc_chip_175x_6x\Debug\liblpc_chip_175x_6x.a(sysinit_17xx_40xx.o)
 .debug_line    0x00006794      0xa5b C:\Users\Bi\Documents\MCUXpressoIDE_11.3.0_5222\Lab 3\lpc_chip_175x_6x\Debug\liblpc_chip_175x_6x.a(uart_17xx_40xx.o)

.debug_str      0x00000000    0x174d8
 .debug_str     0x00000000    0x1344c ./freertos/src/FreeRTOSCommonHooks.o
                              0x13534 (size before relaxing)
 .debug_str     0x0001344c      0x103 ./freertos/src/heap_3.o
                              0x13548 (size before relaxing)
 .debug_str     0x0001354f      0x12e ./freertos/src/list.o
                              0x1328d (size before relaxing)
 .debug_str     0x0001367d      0x8f6 ./freertos/src/port.o
                              0x13d84 (size before relaxing)
 .debug_str     0x00013f73     0x153a ./freertos/src/tasks.o
                              0x14d4f (size before relaxing)
 .debug_str     0x000154ad      0x1b3 ./example/src/cr_startup_lpc175x_6x.o
                               0x2f9c (size before relaxing)
 .debug_str     0x00015660       0x96 ./example/src/freertos_blinky.o
                              0x13692 (size before relaxing)
 .debug_str     0x000156f6       0x23 ./example/src/sysinit.o
                              0x1137e (size before relaxing)
 .debug_str     0x00015719      0xd7e C:\Users\Bi\Documents\MCUXpressoIDE_11.3.0_5222\Lab 3\lpc_board_nxp_lpcxpresso_1769\Debug\liblpc_board_nxp_lpcxpresso_1769.a(board.o)
                              0x122ac (size before relaxing)
 .debug_str     0x00016497      0x22d C:\Users\Bi\Documents\MCUXpressoIDE_11.3.0_5222\Lab 3\lpc_board_nxp_lpcxpresso_1769\Debug\liblpc_board_nxp_lpcxpresso_1769.a(board_sysinit.o)
                              0x1178c (size before relaxing)
 .debug_str     0x000166c4       0xc0 C:\Users\Bi\Documents\MCUXpressoIDE_11.3.0_5222\Lab 3\lpc_chip_175x_6x\Debug\liblpc_chip_175x_6x.a(chip_17xx_40xx.o)
                              0x113dc (size before relaxing)
 .debug_str     0x00016784      0x857 C:\Users\Bi\Documents\MCUXpressoIDE_11.3.0_5222\Lab 3\lpc_chip_175x_6x\Debug\liblpc_chip_175x_6x.a(clock_17xx_40xx.o)
                              0x11a5a (size before relaxing)
 .debug_str     0x00016fdb       0x79 C:\Users\Bi\Documents\MCUXpressoIDE_11.3.0_5222\Lab 3\lpc_chip_175x_6x\Debug\liblpc_chip_175x_6x.a(iocon_17xx_40xx.o)
                              0x10ed7 (size before relaxing)
 .debug_str     0x00017054       0xc4 C:\Users\Bi\Documents\MCUXpressoIDE_11.3.0_5222\Lab 3\lpc_chip_175x_6x\Debug\liblpc_chip_175x_6x.a(sysinit_17xx_40xx.o)
                              0x110bf (size before relaxing)
 .debug_str     0x00017118      0x3c0 C:\Users\Bi\Documents\MCUXpressoIDE_11.3.0_5222\Lab 3\lpc_chip_175x_6x\Debug\liblpc_chip_175x_6x.a(uart_17xx_40xx.o)
                              0x1192f (size before relaxing)

.comment        0x00000000       0x4c
 .comment       0x00000000       0x4c ./freertos/src/FreeRTOSCommonHooks.o
                                 0x4d (size before relaxing)
 .comment       0x0000004c       0x4d ./freertos/src/heap_3.o
 .comment       0x0000004c       0x4d ./freertos/src/list.o
 .comment       0x0000004c       0x4d ./freertos/src/port.o
 .comment       0x0000004c       0x4d ./freertos/src/tasks.o
 .comment       0x0000004c       0x4d ./example/src/cr_startup_lpc175x_6x.o
 .comment       0x0000004c       0x4d ./example/src/freertos_blinky.o
 .comment       0x0000004c       0x4d ./example/src/sysinit.o
 .comment       0x0000004c       0x4d C:\Users\Bi\Documents\MCUXpressoIDE_11.3.0_5222\Lab 3\lpc_board_nxp_lpcxpresso_1769\Debug\liblpc_board_nxp_lpcxpresso_1769.a(board.o)
 .comment       0x0000004c       0x4d C:\Users\Bi\Documents\MCUXpressoIDE_11.3.0_5222\Lab 3\lpc_board_nxp_lpcxpresso_1769\Debug\liblpc_board_nxp_lpcxpresso_1769.a(board_sysinit.o)
 .comment       0x0000004c       0x4d C:\Users\Bi\Documents\MCUXpressoIDE_11.3.0_5222\Lab 3\lpc_chip_175x_6x\Debug\liblpc_chip_175x_6x.a(chip_17xx_40xx.o)
 .comment       0x0000004c       0x4d C:\Users\Bi\Documents\MCUXpressoIDE_11.3.0_5222\Lab 3\lpc_chip_175x_6x\Debug\liblpc_chip_175x_6x.a(clock_17xx_40xx.o)
 .comment       0x0000004c       0x4d C:\Users\Bi\Documents\MCUXpressoIDE_11.3.0_5222\Lab 3\lpc_chip_175x_6x\Debug\liblpc_chip_175x_6x.a(iocon_17xx_40xx.o)
 .comment       0x0000004c       0x4d C:\Users\Bi\Documents\MCUXpressoIDE_11.3.0_5222\Lab 3\lpc_chip_175x_6x\Debug\liblpc_chip_175x_6x.a(sysinit_17xx_40xx.o)
 .comment       0x0000004c       0x4d C:\Users\Bi\Documents\MCUXpressoIDE_11.3.0_5222\Lab 3\lpc_chip_175x_6x\Debug\liblpc_chip_175x_6x.a(uart_17xx_40xx.o)
 .comment       0x0000004c       0x4d c:/nxp/mcuxpressoide_11.3.0_5222/ide/plugins/com.nxp.mcuxpresso.tools.win32_11.3.0.202008311133/tools/bin/../lib/gcc/arm-none-eabi/9.3.1/../../../../arm-none-eabi/lib/thumb/v7-m/nofp\libcr_nohost.a(_cr__main.o)
 .comment       0x0000004c       0x4d c:/nxp/mcuxpressoide_11.3.0_5222/ide/plugins/com.nxp.mcuxpresso.tools.win32_11.3.0.202008311133/tools/bin/../lib/gcc/arm-none-eabi/9.3.1/../../../../arm-none-eabi/lib/thumb/v7-m/nofp\libcr_c.a(memset.o)
 .comment       0x0000004c       0x4d c:/nxp/mcuxpressoide_11.3.0_5222/ide/plugins/com.nxp.mcuxpresso.tools.win32_11.3.0.202008311133/tools/bin/../lib/gcc/arm-none-eabi/9.3.1/../../../../arm-none-eabi/lib/thumb/v7-m/nofp\libcr_c.a(alloc.o)
 .comment       0x0000004c       0x4d c:/nxp/mcuxpressoide_11.3.0_5222/ide/plugins/com.nxp.mcuxpresso.tools.win32_11.3.0.202008311133/tools/bin/../lib/gcc/arm-none-eabi/9.3.1/../../../../arm-none-eabi/lib/thumb/v7-m/nofp\libcr_c.a(initio.o)
 .comment       0x0000004c       0x4d c:/nxp/mcuxpressoide_11.3.0_5222/ide/plugins/com.nxp.mcuxpresso.tools.win32_11.3.0.202008311133/tools/bin/../lib/gcc/arm-none-eabi/9.3.1/../../../../arm-none-eabi/lib/thumb/v7-m/nofp\libcr_c.a(setvbuf.o)
 .comment       0x0000004c       0x4d c:/nxp/mcuxpressoide_11.3.0_5222/ide/plugins/com.nxp.mcuxpresso.tools.win32_11.3.0.202008311133/tools/bin/../lib/gcc/arm-none-eabi/9.3.1/../../../../arm-none-eabi/lib/thumb/v7-m/nofp\libcr_c.a(strlen.o)
 .comment       0x0000004c       0x4d c:/nxp/mcuxpressoide_11.3.0_5222/ide/plugins/com.nxp.mcuxpresso.tools.win32_11.3.0.202008311133/tools/bin/../lib/gcc/arm-none-eabi/9.3.1/../../../../arm-none-eabi/lib/thumb/v7-m/nofp\libcr_c.a(__init_alloc.o)
 .comment       0x0000004c       0x4d c:/nxp/mcuxpressoide_11.3.0_5222/ide/plugins/com.nxp.mcuxpresso.tools.win32_11.3.0.202008311133/tools/bin/../lib/gcc/arm-none-eabi/9.3.1/../../../../arm-none-eabi/lib/thumb/v7-m/nofp\libcr_c.a(_cr_sbrk.o)
 .comment       0x0000004c       0x4d c:/nxp/mcuxpressoide_11.3.0_5222/ide/plugins/com.nxp.mcuxpresso.tools.win32_11.3.0.202008311133/tools/bin/../lib/gcc/arm-none-eabi/9.3.1/../../../../arm-none-eabi/lib/thumb/v7-m/nofp\libcr_c.a(_deferredlazyseek.o)
 .comment       0x0000004c       0x4d c:/nxp/mcuxpressoide_11.3.0_5222/ide/plugins/com.nxp.mcuxpresso.tools.win32_11.3.0.202008311133/tools/bin/../lib/gcc/arm-none-eabi/9.3.1/../../../../arm-none-eabi/lib/thumb/v7-m/nofp\libcr_c.a(_fdopen.o)
 .comment       0x0000004c       0x4d c:/nxp/mcuxpressoide_11.3.0_5222/ide/plugins/com.nxp.mcuxpresso.tools.win32_11.3.0.202008311133/tools/bin/../lib/gcc/arm-none-eabi/9.3.1/../../../../arm-none-eabi/lib/thumb/v7-m/nofp\libcr_c.a(_fflush.o)
 .comment       0x0000004c       0x4d c:/nxp/mcuxpressoide_11.3.0_5222/ide/plugins/com.nxp.mcuxpresso.tools.win32_11.3.0.202008311133/tools/bin/../lib/gcc/arm-none-eabi/9.3.1/../../../../arm-none-eabi/lib/thumb/v7-m/nofp\libcr_c.a(_writebuf.o)
 .comment       0x0000004c       0x4d c:/nxp/mcuxpressoide_11.3.0_5222/ide/plugins/com.nxp.mcuxpresso.tools.win32_11.3.0.202008311133/tools/bin/../lib/gcc/arm-none-eabi/9.3.1/../../../../arm-none-eabi/lib/thumb/v7-m/nofp\libcr_c.a(errno.o)
 .comment       0x0000004c       0x4d c:/nxp/mcuxpressoide_11.3.0_5222/ide/plugins/com.nxp.mcuxpresso.tools.win32_11.3.0.202008311133/tools/bin/../lib/gcc/arm-none-eabi/9.3.1/../../../../arm-none-eabi/lib/thumb/v7-m/nofp\libcr_c.a(fclose.o)
 .comment       0x0000004c       0x4d c:/nxp/mcuxpressoide_11.3.0_5222/ide/plugins/com.nxp.mcuxpresso.tools.win32_11.3.0.202008311133/tools/bin/../lib/gcc/arm-none-eabi/9.3.1/../../../../arm-none-eabi/lib/thumb/v7-m/nofp\libcr_c.a(fflush.o)
 .comment       0x0000004c       0x4d c:/nxp/mcuxpressoide_11.3.0_5222/ide/plugins/com.nxp.mcuxpresso.tools.win32_11.3.0.202008311133/tools/bin/../lib/gcc/arm-none-eabi/9.3.1/../../../../arm-none-eabi/lib/thumb/v7-m/nofp\libcr_c.a(fseek.o)
 .comment       0x0000004c       0x4d c:/nxp/mcuxpressoide_11.3.0_5222/ide/plugins/com.nxp.mcuxpresso.tools.win32_11.3.0.202008311133/tools/bin/../lib/gcc/arm-none-eabi/9.3.1/../../../../arm-none-eabi/lib/thumb/v7-m/nofp\libcr_c.a(ftell.o)
 .comment       0x0000004c       0x4d c:/nxp/mcuxpressoide_11.3.0_5222/ide/plugins/com.nxp.mcuxpresso.tools.win32_11.3.0.202008311133/tools/bin/../lib/gcc/arm-none-eabi/9.3.1/../../../../arm-none-eabi/lib/thumb/v7-m/nofp\libcr_c.a(remove.o)
 .comment       0x0000004c       0x4d c:/nxp/mcuxpressoide_11.3.0_5222/ide/plugins/com.nxp.mcuxpresso.tools.win32_11.3.0.202008311133/tools/bin/../lib/gcc/arm-none-eabi/9.3.1/../../../../arm-none-eabi/lib/thumb/v7-m/nofp\libcr_c.a(_cr_check_heap.o)
 .comment       0x0000004c       0x4d c:/nxp/mcuxpressoide_11.3.0_5222/ide/plugins/com.nxp.mcuxpresso.tools.win32_11.3.0.202008311133/tools/bin/../lib/gcc/arm-none-eabi/9.3.1/../../../../arm-none-eabi/lib/thumb/v7-m/nofp\libcr_c.a(_do_fflush.o)
 .comment       0x0000004c       0x4d c:/nxp/mcuxpressoide_11.3.0_5222/ide/plugins/com.nxp.mcuxpresso.tools.win32_11.3.0.202008311133/tools/bin/../lib/gcc/arm-none-eabi/9.3.1/../../../../arm-none-eabi/lib/thumb/v7-m/nofp\libcr_nohost.a(__ciob.o)
 .comment       0x0000004c       0x4d c:/nxp/mcuxpressoide_11.3.0_5222/ide/plugins/com.nxp.mcuxpresso.tools.win32_11.3.0.202008311133/tools/bin/../lib/gcc/arm-none-eabi/9.3.1/../../../../arm-none-eabi/lib/thumb/v7-m/nofp\libcr_nohost.a(__sys_close.o)
 .comment       0x0000004c       0x4d c:/nxp/mcuxpressoide_11.3.0_5222/ide/plugins/com.nxp.mcuxpresso.tools.win32_11.3.0.202008311133/tools/bin/../lib/gcc/arm-none-eabi/9.3.1/../../../../arm-none-eabi/lib/thumb/v7-m/nofp\libcr_nohost.a(__sys_flen.o)
 .comment       0x0000004c       0x4d c:/nxp/mcuxpressoide_11.3.0_5222/ide/plugins/com.nxp.mcuxpresso.tools.win32_11.3.0.202008311133/tools/bin/../lib/gcc/arm-none-eabi/9.3.1/../../../../arm-none-eabi/lib/thumb/v7-m/nofp\libcr_nohost.a(__sys_istty.o)
 .comment       0x0000004c       0x4d c:/nxp/mcuxpressoide_11.3.0_5222/ide/plugins/com.nxp.mcuxpresso.tools.win32_11.3.0.202008311133/tools/bin/../lib/gcc/arm-none-eabi/9.3.1/../../../../arm-none-eabi/lib/thumb/v7-m/nofp\libcr_nohost.a(__sys_remove.o)
 .comment       0x0000004c       0x4d c:/nxp/mcuxpressoide_11.3.0_5222/ide/plugins/com.nxp.mcuxpresso.tools.win32_11.3.0.202008311133/tools/bin/../lib/gcc/arm-none-eabi/9.3.1/../../../../arm-none-eabi/lib/thumb/v7-m/nofp\libcr_nohost.a(__sys_seek.o)
 .comment       0x0000004c       0x4d c:/nxp/mcuxpressoide_11.3.0_5222/ide/plugins/com.nxp.mcuxpresso.tools.win32_11.3.0.202008311133/tools/bin/../lib/gcc/arm-none-eabi/9.3.1/../../../../arm-none-eabi/lib/thumb/v7-m/nofp\libcr_nohost.a(__sys_tmpnam.o)

.ARM.attributes
                0x00000000       0x2b
 .ARM.attributes
                0x00000000       0x2d ./freertos/src/FreeRTOSCommonHooks.o
 .ARM.attributes
                0x0000002d       0x2d ./freertos/src/heap_3.o
 .ARM.attributes
                0x0000005a       0x2d ./freertos/src/list.o
 .ARM.attributes
                0x00000087       0x2d ./freertos/src/port.o
 .ARM.attributes
                0x000000b4       0x2d ./freertos/src/tasks.o
 .ARM.attributes
                0x000000e1       0x2d ./example/src/cr_startup_lpc175x_6x.o
 .ARM.attributes
                0x0000010e       0x2d ./example/src/freertos_blinky.o
 .ARM.attributes
                0x0000013b       0x2d ./example/src/sysinit.o
 .ARM.attributes
                0x00000168       0x2d C:\Users\Bi\Documents\MCUXpressoIDE_11.3.0_5222\Lab 3\lpc_board_nxp_lpcxpresso_1769\Debug\liblpc_board_nxp_lpcxpresso_1769.a(board.o)
 .ARM.attributes
                0x00000195       0x2d C:\Users\Bi\Documents\MCUXpressoIDE_11.3.0_5222\Lab 3\lpc_board_nxp_lpcxpresso_1769\Debug\liblpc_board_nxp_lpcxpresso_1769.a(board_sysinit.o)
 .ARM.attributes
                0x000001c2       0x2d C:\Users\Bi\Documents\MCUXpressoIDE_11.3.0_5222\Lab 3\lpc_chip_175x_6x\Debug\liblpc_chip_175x_6x.a(chip_17xx_40xx.o)
 .ARM.attributes
                0x000001ef       0x2d C:\Users\Bi\Documents\MCUXpressoIDE_11.3.0_5222\Lab 3\lpc_chip_175x_6x\Debug\liblpc_chip_175x_6x.a(clock_17xx_40xx.o)
 .ARM.attributes
                0x0000021c       0x2d C:\Users\Bi\Documents\MCUXpressoIDE_11.3.0_5222\Lab 3\lpc_chip_175x_6x\Debug\liblpc_chip_175x_6x.a(iocon_17xx_40xx.o)
 .ARM.attributes
                0x00000249       0x2d C:\Users\Bi\Documents\MCUXpressoIDE_11.3.0_5222\Lab 3\lpc_chip_175x_6x\Debug\liblpc_chip_175x_6x.a(sysinit_17xx_40xx.o)
 .ARM.attributes
                0x00000276       0x2d C:\Users\Bi\Documents\MCUXpressoIDE_11.3.0_5222\Lab 3\lpc_chip_175x_6x\Debug\liblpc_chip_175x_6x.a(uart_17xx_40xx.o)
 .ARM.attributes
                0x000002a3       0x2d c:/nxp/mcuxpressoide_11.3.0_5222/ide/plugins/com.nxp.mcuxpresso.tools.win32_11.3.0.202008311133/tools/bin/../lib/gcc/arm-none-eabi/9.3.1/../../../../arm-none-eabi/lib/thumb/v7-m/nofp\libcr_nohost.a(_cr__main.o)
 .ARM.attributes
                0x000002d0       0x2d c:/nxp/mcuxpressoide_11.3.0_5222/ide/plugins/com.nxp.mcuxpresso.tools.win32_11.3.0.202008311133/tools/bin/../lib/gcc/arm-none-eabi/9.3.1/../../../../arm-none-eabi/lib/thumb/v7-m/nofp\libcr_c.a(memset.o)
 .ARM.attributes
                0x000002fd       0x2d c:/nxp/mcuxpressoide_11.3.0_5222/ide/plugins/com.nxp.mcuxpresso.tools.win32_11.3.0.202008311133/tools/bin/../lib/gcc/arm-none-eabi/9.3.1/../../../../arm-none-eabi/lib/thumb/v7-m/nofp\libcr_c.a(alloc.o)
 .ARM.attributes
                0x0000032a       0x2d c:/nxp/mcuxpressoide_11.3.0_5222/ide/plugins/com.nxp.mcuxpresso.tools.win32_11.3.0.202008311133/tools/bin/../lib/gcc/arm-none-eabi/9.3.1/../../../../arm-none-eabi/lib/thumb/v7-m/nofp\libcr_c.a(initio.o)
 .ARM.attributes
                0x00000357       0x2d c:/nxp/mcuxpressoide_11.3.0_5222/ide/plugins/com.nxp.mcuxpresso.tools.win32_11.3.0.202008311133/tools/bin/../lib/gcc/arm-none-eabi/9.3.1/../../../../arm-none-eabi/lib/thumb/v7-m/nofp\libcr_c.a(setvbuf.o)
 .ARM.attributes
                0x00000384       0x2d c:/nxp/mcuxpressoide_11.3.0_5222/ide/plugins/com.nxp.mcuxpresso.tools.win32_11.3.0.202008311133/tools/bin/../lib/gcc/arm-none-eabi/9.3.1/../../../../arm-none-eabi/lib/thumb/v7-m/nofp\libcr_c.a(strlen.o)
 .ARM.attributes
                0x000003b1       0x2d c:/nxp/mcuxpressoide_11.3.0_5222/ide/plugins/com.nxp.mcuxpresso.tools.win32_11.3.0.202008311133/tools/bin/../lib/gcc/arm-none-eabi/9.3.1/../../../../arm-none-eabi/lib/thumb/v7-m/nofp\libcr_c.a(__init_alloc.o)
 .ARM.attributes
                0x000003de       0x2d c:/nxp/mcuxpressoide_11.3.0_5222/ide/plugins/com.nxp.mcuxpresso.tools.win32_11.3.0.202008311133/tools/bin/../lib/gcc/arm-none-eabi/9.3.1/../../../../arm-none-eabi/lib/thumb/v7-m/nofp\libcr_c.a(_cr_sbrk.o)
 .ARM.attributes
                0x0000040b       0x2d c:/nxp/mcuxpressoide_11.3.0_5222/ide/plugins/com.nxp.mcuxpresso.tools.win32_11.3.0.202008311133/tools/bin/../lib/gcc/arm-none-eabi/9.3.1/../../../../arm-none-eabi/lib/thumb/v7-m/nofp\libcr_c.a(_deferredlazyseek.o)
 .ARM.attributes
                0x00000438       0x2d c:/nxp/mcuxpressoide_11.3.0_5222/ide/plugins/com.nxp.mcuxpresso.tools.win32_11.3.0.202008311133/tools/bin/../lib/gcc/arm-none-eabi/9.3.1/../../../../arm-none-eabi/lib/thumb/v7-m/nofp\libcr_c.a(_fdopen.o)
 .ARM.attributes
                0x00000465       0x2d c:/nxp/mcuxpressoide_11.3.0_5222/ide/plugins/com.nxp.mcuxpresso.tools.win32_11.3.0.202008311133/tools/bin/../lib/gcc/arm-none-eabi/9.3.1/../../../../arm-none-eabi/lib/thumb/v7-m/nofp\libcr_c.a(_fflush.o)
 .ARM.attributes
                0x00000492       0x2d c:/nxp/mcuxpressoide_11.3.0_5222/ide/plugins/com.nxp.mcuxpresso.tools.win32_11.3.0.202008311133/tools/bin/../lib/gcc/arm-none-eabi/9.3.1/../../../../arm-none-eabi/lib/thumb/v7-m/nofp\libcr_c.a(_writebuf.o)
 .ARM.attributes
                0x000004bf       0x33 c:/nxp/mcuxpressoide_11.3.0_5222/ide/plugins/com.nxp.mcuxpresso.tools.win32_11.3.0.202008311133/tools/bin/../lib/gcc/arm-none-eabi/9.3.1/../../../../arm-none-eabi/lib/thumb/v7-m/nofp\libcr_c.a(errno.o)
 .ARM.attributes
                0x000004f2       0x2d c:/nxp/mcuxpressoide_11.3.0_5222/ide/plugins/com.nxp.mcuxpresso.tools.win32_11.3.0.202008311133/tools/bin/../lib/gcc/arm-none-eabi/9.3.1/../../../../arm-none-eabi/lib/thumb/v7-m/nofp\libcr_c.a(fclose.o)
 .ARM.attributes
                0x0000051f       0x2d c:/nxp/mcuxpressoide_11.3.0_5222/ide/plugins/com.nxp.mcuxpresso.tools.win32_11.3.0.202008311133/tools/bin/../lib/gcc/arm-none-eabi/9.3.1/../../../../arm-none-eabi/lib/thumb/v7-m/nofp\libcr_c.a(fflush.o)
 .ARM.attributes
                0x0000054c       0x2d c:/nxp/mcuxpressoide_11.3.0_5222/ide/plugins/com.nxp.mcuxpresso.tools.win32_11.3.0.202008311133/tools/bin/../lib/gcc/arm-none-eabi/9.3.1/../../../../arm-none-eabi/lib/thumb/v7-m/nofp\libcr_c.a(fseek.o)
 .ARM.attributes
                0x00000579       0x2d c:/nxp/mcuxpressoide_11.3.0_5222/ide/plugins/com.nxp.mcuxpresso.tools.win32_11.3.0.202008311133/tools/bin/../lib/gcc/arm-none-eabi/9.3.1/../../../../arm-none-eabi/lib/thumb/v7-m/nofp\libcr_c.a(ftell.o)
 .ARM.attributes
                0x000005a6       0x2d c:/nxp/mcuxpressoide_11.3.0_5222/ide/plugins/com.nxp.mcuxpresso.tools.win32_11.3.0.202008311133/tools/bin/../lib/gcc/arm-none-eabi/9.3.1/../../../../arm-none-eabi/lib/thumb/v7-m/nofp\libcr_c.a(remove.o)
 .ARM.attributes
                0x000005d3       0x2d c:/nxp/mcuxpressoide_11.3.0_5222/ide/plugins/com.nxp.mcuxpresso.tools.win32_11.3.0.202008311133/tools/bin/../lib/gcc/arm-none-eabi/9.3.1/../../../../arm-none-eabi/lib/thumb/v7-m/nofp\libcr_c.a(_cr_check_heap.o)
 .ARM.attributes
                0x00000600       0x2d c:/nxp/mcuxpressoide_11.3.0_5222/ide/plugins/com.nxp.mcuxpresso.tools.win32_11.3.0.202008311133/tools/bin/../lib/gcc/arm-none-eabi/9.3.1/../../../../arm-none-eabi/lib/thumb/v7-m/nofp\libcr_c.a(_do_fflush.o)
 .ARM.attributes
                0x0000062d       0x1b c:/nxp/mcuxpressoide_11.3.0_5222/ide/plugins/com.nxp.mcuxpresso.tools.win32_11.3.0.202008311133/tools/bin/../lib/gcc/arm-none-eabi/9.3.1/thumb/v7-m/nofp\libcr_eabihelpers.a(memcpy.o)
 .ARM.attributes
                0x00000648       0x33 c:/nxp/mcuxpressoide_11.3.0_5222/ide/plugins/com.nxp.mcuxpresso.tools.win32_11.3.0.202008311133/tools/bin/../lib/gcc/arm-none-eabi/9.3.1/../../../../arm-none-eabi/lib/thumb/v7-m/nofp\libcr_nohost.a(__ciob.o)
 .ARM.attributes
                0x0000067b       0x2d c:/nxp/mcuxpressoide_11.3.0_5222/ide/plugins/com.nxp.mcuxpresso.tools.win32_11.3.0.202008311133/tools/bin/../lib/gcc/arm-none-eabi/9.3.1/../../../../arm-none-eabi/lib/thumb/v7-m/nofp\libcr_nohost.a(__sys_close.o)
 .ARM.attributes
                0x000006a8       0x2d c:/nxp/mcuxpressoide_11.3.0_5222/ide/plugins/com.nxp.mcuxpresso.tools.win32_11.3.0.202008311133/tools/bin/../lib/gcc/arm-none-eabi/9.3.1/../../../../arm-none-eabi/lib/thumb/v7-m/nofp\libcr_nohost.a(__sys_flen.o)
 .ARM.attributes
                0x000006d5       0x2d c:/nxp/mcuxpressoide_11.3.0_5222/ide/plugins/com.nxp.mcuxpresso.tools.win32_11.3.0.202008311133/tools/bin/../lib/gcc/arm-none-eabi/9.3.1/../../../../arm-none-eabi/lib/thumb/v7-m/nofp\libcr_nohost.a(__sys_istty.o)
 .ARM.attributes
                0x00000702       0x2d c:/nxp/mcuxpressoide_11.3.0_5222/ide/plugins/com.nxp.mcuxpresso.tools.win32_11.3.0.202008311133/tools/bin/../lib/gcc/arm-none-eabi/9.3.1/../../../../arm-none-eabi/lib/thumb/v7-m/nofp\libcr_nohost.a(__sys_remove.o)
 .ARM.attributes
                0x0000072f       0x2d c:/nxp/mcuxpressoide_11.3.0_5222/ide/plugins/com.nxp.mcuxpresso.tools.win32_11.3.0.202008311133/tools/bin/../lib/gcc/arm-none-eabi/9.3.1/../../../../arm-none-eabi/lib/thumb/v7-m/nofp\libcr_nohost.a(__sys_seek.o)
 .ARM.attributes
                0x0000075c       0x2d c:/nxp/mcuxpressoide_11.3.0_5222/ide/plugins/com.nxp.mcuxpresso.tools.win32_11.3.0.202008311133/tools/bin/../lib/gcc/arm-none-eabi/9.3.1/../../../../arm-none-eabi/lib/thumb/v7-m/nofp\libcr_nohost.a(__sys_tmpnam.o)

.debug_frame    0x00000000     0x1e54
 .debug_frame   0x00000000       0xb0 ./freertos/src/FreeRTOSCommonHooks.o
 .debug_frame   0x000000b0       0x58 ./freertos/src/heap_3.o
 .debug_frame   0x00000108       0xd8 ./freertos/src/list.o
 .debug_frame   0x000001e0      0x198 ./freertos/src/port.o
 .debug_frame   0x00000378      0x634 ./freertos/src/tasks.o
 .debug_frame   0x000009ac      0x170 ./example/src/cr_startup_lpc175x_6x.o
 .debug_frame   0x00000b1c       0xb0 ./example/src/freertos_blinky.o
 .debug_frame   0x00000bcc       0x34 ./example/src/sysinit.o
 .debug_frame   0x00000c00      0x5d4 C:\Users\Bi\Documents\MCUXpressoIDE_11.3.0_5222\Lab 3\lpc_board_nxp_lpcxpresso_1769\Debug\liblpc_board_nxp_lpcxpresso_1769.a(board.o)
 .debug_frame   0x000011d4       0x8c C:\Users\Bi\Documents\MCUXpressoIDE_11.3.0_5222\Lab 3\lpc_board_nxp_lpcxpresso_1769\Debug\liblpc_board_nxp_lpcxpresso_1769.a(board_sysinit.o)
 .debug_frame   0x00001260       0x88 C:\Users\Bi\Documents\MCUXpressoIDE_11.3.0_5222\Lab 3\lpc_chip_175x_6x\Debug\liblpc_chip_175x_6x.a(chip_17xx_40xx.o)
 .debug_frame   0x000012e8      0x490 C:\Users\Bi\Documents\MCUXpressoIDE_11.3.0_5222\Lab 3\lpc_chip_175x_6x\Debug\liblpc_chip_175x_6x.a(clock_17xx_40xx.o)
 .debug_frame   0x00001778       0x80 C:\Users\Bi\Documents\MCUXpressoIDE_11.3.0_5222\Lab 3\lpc_chip_175x_6x\Debug\liblpc_chip_175x_6x.a(iocon_17xx_40xx.o)
 .debug_frame   0x000017f8      0x12c C:\Users\Bi\Documents\MCUXpressoIDE_11.3.0_5222\Lab 3\lpc_chip_175x_6x\Debug\liblpc_chip_175x_6x.a(sysinit_17xx_40xx.o)
 .debug_frame   0x00001924      0x530 C:\Users\Bi\Documents\MCUXpressoIDE_11.3.0_5222\Lab 3\lpc_chip_175x_6x\Debug\liblpc_chip_175x_6x.a(uart_17xx_40xx.o)
